[INFO] 2025-09-17 13:44:30,676 accounts.tasks - Starting process for Order #20 (BUY)-Stock: AAPL, Quantity: 2, Price: 206.30, Total Cost: 412.60
[INFO] 2025-09-17 13:44:30,679 accounts.tasks - Account #8 balance updated:10449.30 -> 10036.70
[INFO] 2025-09-17 13:44:30,680 accounts.tasks - LedgerEntry created for withdrawal of 412.60 for Account #8
[INFO] 2025-09-17 13:44:30,683 accounts.tasks - Trading_Position updated for AAPL: Qty= 16, Avg_Price = 185.18625
[INFO] 2025-09-17 13:44:30,684 accounts.tasks - Order #20 marked COMPLETED at price 206.30
[INFO] 2025-09-17 13:48:30,842 accounts.tasks - Starting process for Order #21 (BUY)-Stock: AAPL, Quantity: 2, Price: 206.30, Total Cost: 412.60
[INFO] 2025-09-17 13:48:30,844 accounts.tasks - Account #8 balance updated:10036.70 -> 9624.10
[INFO] 2025-09-17 13:48:30,846 accounts.tasks - LedgerEntry created for withdrawal of 412.60 for Account #8
[INFO] 2025-09-17 13:48:30,850 accounts.tasks - Trading_Position updated for AAPL: Qty= 18, Avg_Price = 187.5355555555555555555555556
[INFO] 2025-09-17 13:48:30,850 accounts.tasks - Order #21 marked COMPLETED at price 206.30
[INFO] 2025-09-22 12:59:07,736 accounts.tasks - Updated AAPL: 245.5 (cached + DB)
[INFO] 2025-09-22 12:59:08,859 accounts.tasks - Updated GOOGL: 254.72 (cached + DB)
[INFO] 2025-09-22 12:59:10,342 accounts.tasks - Updated MSFT: 517.93 (cached + DB)
[INFO] 2025-09-22 12:59:12,586 accounts.tasks - Updated TSLA: 426.07 (cached + DB)
[INFO] 2025-09-22 12:59:13,709 accounts.tasks - Updated AMZN: 231.48 (cached + DB)
[INFO] 2025-09-22 13:00:00,743 accounts.tasks - Updated AAPL: 245.5 (cached + DB)
[INFO] 2025-09-22 13:00:01,498 accounts.tasks - Updated GOOGL: 254.72 (cached + DB)
[INFO] 2025-09-22 13:00:02,316 accounts.tasks - Updated MSFT: 517.93 (cached + DB)
[INFO] 2025-09-22 13:00:02,988 accounts.tasks - Updated TSLA: 426.07 (cached + DB)
[INFO] 2025-09-22 13:00:03,704 accounts.tasks - Updated AMZN: 231.48 (cached + DB)
[INFO] 2025-09-22 13:01:00,784 accounts.tasks - Updated GOOGL: 254.72 (cached + DB)
[INFO] 2025-09-22 13:01:01,603 accounts.tasks - Updated MSFT: 517.93 (cached + DB)
[INFO] 2025-09-22 13:01:03,357 accounts.tasks - Updated TSLA: 426.07 (cached + DB)
[INFO] 2025-09-22 13:01:07,440 accounts.tasks - Updated AMZN: 231.48 (cached + DB)
[INFO] 2025-09-22 13:01:09,677 accounts.tasks - Updated AAPL: 245.5 (cached + DB)
[INFO] 2025-09-22 13:02:00,690 accounts.tasks - Updated GOOGL: 254.72 (cached + DB)
[INFO] 2025-09-22 13:02:01,435 accounts.tasks - Updated MSFT: 517.93 (cached + DB)
[INFO] 2025-09-22 13:02:02,122 accounts.tasks - Updated TSLA: 426.07 (cached + DB)
[INFO] 2025-09-22 13:02:02,948 accounts.tasks - Updated AMZN: 231.48 (cached + DB)
[INFO] 2025-09-22 13:02:03,712 accounts.tasks - Updated AAPL: 245.5 (cached + DB)
[INFO] 2025-09-22 13:03:00,720 accounts.tasks - Updated GOOGL: 254.72 (cached + DB)
[INFO] 2025-09-22 13:03:01,385 accounts.tasks - Updated MSFT: 517.93 (cached + DB)
[INFO] 2025-09-22 13:03:02,443 accounts.tasks - Updated TSLA: 426.07 (cached + DB)
[INFO] 2025-09-22 13:03:03,104 accounts.tasks - Updated AMZN: 231.48 (cached + DB)
[INFO] 2025-09-22 13:03:03,773 accounts.tasks - Updated AAPL: 245.5 (cached + DB)
[INFO] 2025-09-22 13:04:00,725 accounts.tasks - Updated MSFT: 517.93 (cached + DB)
[INFO] 2025-09-22 13:04:01,528 accounts.tasks - Updated TSLA: 426.07 (cached + DB)
[INFO] 2025-09-22 13:04:02,559 accounts.tasks - Updated AMZN: 231.48 (cached + DB)
[INFO] 2025-09-22 13:04:03,241 accounts.tasks - Updated AAPL: 245.5 (cached + DB)
[INFO] 2025-09-22 13:04:03,928 accounts.tasks - Updated GOOGL: 254.72 (cached + DB)
[INFO] 2025-09-22 13:05:00,711 accounts.tasks - Updated MSFT: 517.93 (cached + DB)
[INFO] 2025-09-22 13:05:01,566 accounts.tasks - Updated TSLA: 426.07 (cached + DB)
[INFO] 2025-09-22 13:05:02,279 accounts.tasks - Updated AMZN: 231.48 (cached + DB)
[INFO] 2025-09-22 13:05:02,987 accounts.tasks - Updated AAPL: 245.5 (cached + DB)
[INFO] 2025-09-22 13:05:03,781 accounts.tasks - Updated GOOGL: 254.72 (cached + DB)
[INFO] 2025-09-22 13:06:00,820 accounts.tasks - Updated MSFT: 517.93 (cached + DB)
[INFO] 2025-09-22 13:06:01,637 accounts.tasks - Updated TSLA: 426.07 (cached + DB)
[INFO] 2025-09-22 13:06:02,971 accounts.tasks - Updated AMZN: 231.48 (cached + DB)
[INFO] 2025-09-22 13:06:03,790 accounts.tasks - Updated AAPL: 245.5 (cached + DB)
[INFO] 2025-09-22 13:06:04,505 accounts.tasks - Updated GOOGL: 254.72 (cached + DB)
[INFO] 2025-09-22 13:07:00,714 accounts.tasks - Updated MSFT: 517.93 (cached + DB)
[INFO] 2025-09-22 13:07:01,543 accounts.tasks - Updated TSLA: 426.07 (cached + DB)
[INFO] 2025-09-22 13:07:02,363 accounts.tasks - Updated AMZN: 231.48 (cached + DB)
[INFO] 2025-09-22 13:07:03,101 accounts.tasks - Updated AAPL: 245.5 (cached + DB)
[INFO] 2025-09-22 13:07:03,897 accounts.tasks - Updated GOOGL: 254.72 (cached + DB)
[INFO] 2025-09-22 13:08:00,842 accounts.tasks - Updated MSFT: 517.93 (cached + DB)
[INFO] 2025-09-22 13:08:01,653 accounts.tasks - Updated TSLA: 426.07 (cached + DB)
[INFO] 2025-09-22 13:08:02,473 accounts.tasks - Updated AMZN: 231.48 (cached + DB)
[INFO] 2025-09-22 13:08:03,292 accounts.tasks - Updated AAPL: 245.5 (cached + DB)
[INFO] 2025-09-22 13:08:04,111 accounts.tasks - Updated GOOGL: 254.72 (cached + DB)
[INFO] 2025-09-22 14:59:51,713 accounts.tasks - Updated MSFT: 515.8625 (cached + DB)
[INFO] 2025-09-22 14:59:52,821 accounts.tasks - Updated TSLA: 441.41 (cached + DB)
[INFO] 2025-09-22 14:59:54,105 accounts.tasks - Updated AMZN: 230.0185 (cached + DB)
[INFO] 2025-09-22 14:59:55,215 accounts.tasks - Updated AAPL: 253.63 (cached + DB)
[INFO] 2025-09-22 14:59:56,371 accounts.tasks - Updated GOOGL: 254.76 (cached + DB)
[INFO] 2025-09-22 14:59:57,125 accounts.tasks - Updated MSFT: 515.925 (cached + DB)
[INFO] 2025-09-22 14:59:57,850 accounts.tasks - Updated TSLA: 441.41 (cached + DB)
[INFO] 2025-09-22 14:59:58,255 accounts.tasks - Updated MSFT: 515.925 (cached + DB)
[INFO] 2025-09-22 14:59:58,255 accounts.tasks - Updated MSFT: 515.925 (cached + DB)
[INFO] 2025-09-22 14:59:58,256 accounts.tasks - Updated MSFT: 515.925 (cached + DB)
[INFO] 2025-09-22 14:59:58,660 accounts.tasks - Updated AMZN: 229.985 (cached + DB)
[INFO] 2025-09-22 14:59:59,390 accounts.tasks - Updated AAPL: 253.6 (cached + DB)
[INFO] 2025-09-22 14:59:59,390 accounts.tasks - Updated TSLA: 441.34 (cached + DB)
[INFO] 2025-09-22 14:59:59,412 accounts.tasks - Updated TSLA: 441.34 (cached + DB)
[INFO] 2025-09-22 14:59:59,421 accounts.tasks - Updated TSLA: 441.41 (cached + DB)
[INFO] 2025-09-22 15:00:00,489 accounts.tasks - Updated AMZN: 229.98 (cached + DB)
[INFO] 2025-09-22 15:00:00,494 accounts.tasks - Updated AMZN: 229.98 (cached + DB)
[INFO] 2025-09-22 15:00:00,500 accounts.tasks - Updated AMZN: 229.98 (cached + DB)
[INFO] 2025-09-22 15:00:00,851 accounts.tasks - Updated GOOGL: 254.75 (cached + DB)
[INFO] 2025-09-22 15:00:01,225 accounts.tasks - Updated MSFT: 515.945 (cached + DB)
[INFO] 2025-09-22 15:00:01,518 accounts.tasks - Updated MSFT: 515.945 (cached + DB)
[INFO] 2025-09-22 15:00:01,548 accounts.tasks - Updated AAPL: 253.6222 (cached + DB)
[INFO] 2025-09-22 15:00:01,549 accounts.tasks - Updated AAPL: 253.6222 (cached + DB)
[INFO] 2025-09-22 15:00:01,573 accounts.tasks - Updated AAPL: 253.6222 (cached + DB)
[INFO] 2025-09-22 15:00:02,348 accounts.tasks - Updated TSLA: 441.35 (cached + DB)
[INFO] 2025-09-22 15:00:02,453 accounts.tasks - Updated AAPL: 253.587 (cached + DB)
[INFO] 2025-09-22 15:00:02,671 accounts.tasks - Updated GOOGL: 254.75 (cached + DB)
[INFO] 2025-09-22 15:00:02,680 accounts.tasks - Updated GOOGL: 254.75 (cached + DB)
[INFO] 2025-09-22 15:00:02,703 accounts.tasks - Updated GOOGL: 254.75 (cached + DB)
[INFO] 2025-09-22 15:00:03,154 accounts.tasks - Updated TSLA: 441.14 (cached + DB)
[INFO] 2025-09-22 15:00:03,430 accounts.tasks - Updated AMZN: 230.0198 (cached + DB)
[INFO] 2025-09-22 15:00:03,435 accounts.tasks - Updated AMZN: 230.0198 (cached + DB)
[INFO] 2025-09-22 15:00:03,586 accounts.tasks - Updated AMZN: 229.98 (cached + DB)
[INFO] 2025-09-22 15:00:03,653 accounts.tasks - Updated AMZN: 230.0198 (cached + DB)
[INFO] 2025-09-22 15:00:03,802 accounts.tasks - Updated AMZN: 230.0198 (cached + DB)
[INFO] 2025-09-22 15:00:04,153 accounts.tasks - Updated MSFT: 515.9467 (cached + DB)
[INFO] 2025-09-22 15:00:04,166 accounts.tasks - Updated MSFT: 515.9467 (cached + DB)
[INFO] 2025-09-22 15:00:04,354 accounts.tasks - Updated MSFT: 515.9467 (cached + DB)
[INFO] 2025-09-22 15:00:04,490 accounts.tasks - Updated GOOGL: 254.77 (cached + DB)
[INFO] 2025-09-22 15:00:04,665 accounts.tasks - Updated AAPL: 253.585 (cached + DB)
[INFO] 2025-09-22 15:00:04,850 accounts.tasks - Updated TSLA: 441.14 (cached + DB)
[INFO] 2025-09-22 15:00:04,893 accounts.tasks - Updated TSLA: 441.215 (cached + DB)
[INFO] 2025-09-22 15:00:05,055 accounts.tasks - Updated TSLA: 441.2561 (cached + DB)
[INFO] 2025-09-22 15:00:05,184 accounts.tasks - Updated AAPL: 253.615 (cached + DB)
[INFO] 2025-09-22 15:00:05,562 accounts.tasks - Updated AAPL: 253.615 (cached + DB)
[INFO] 2025-09-22 15:00:05,581 accounts.tasks - Updated AAPL: 253.615 (cached + DB)
[INFO] 2025-09-22 15:00:05,721 accounts.tasks - Updated AAPL: 253.63 (cached + DB)
[INFO] 2025-09-22 15:00:05,909 accounts.tasks - Updated TSLA: 441.215 (cached + DB)
[INFO] 2025-09-22 15:00:06,153 accounts.tasks - Updated MSFT: 515.9467 (cached + DB)
[INFO] 2025-09-22 15:00:06,319 accounts.tasks - Updated GOOGL: 254.77 (cached + DB)
[INFO] 2025-09-22 15:00:06,355 accounts.tasks - Updated GOOGL: 254.77 (cached + DB)
[INFO] 2025-09-22 15:00:06,379 accounts.tasks - Updated GOOGL: 254.77 (cached + DB)
[INFO] 2025-09-22 15:00:06,506 accounts.tasks - Updated GOOGL: 254.77 (cached + DB)
[INFO] 2025-09-22 15:00:06,599 accounts.tasks - Updated AMZN: 229.98 (cached + DB)
[INFO] 2025-09-22 15:00:07,025 accounts.tasks - Updated AMZN: 229.98 (cached + DB)
[INFO] 2025-09-22 15:00:07,402 accounts.tasks - Updated AMZN: 229.98 (cached + DB)
[INFO] 2025-09-22 15:00:07,406 accounts.tasks - Updated AMZN: 229.98 (cached + DB)
[INFO] 2025-09-22 15:00:07,407 accounts.tasks - Updated MSFT: 515.9467 (cached + DB)
[INFO] 2025-09-22 15:00:07,547 accounts.tasks - Updated AMZN: 229.98 (cached + DB)
[INFO] 2025-09-22 15:00:07,831 accounts.tasks - Updated AAPL: 253.65 (cached + DB)
[INFO] 2025-09-22 15:00:08,615 accounts.tasks - Updated AAPL: 253.65 (cached + DB)
[INFO] 2025-09-22 15:00:08,649 accounts.tasks - Updated TSLA: 441.165 (cached + DB)
[INFO] 2025-09-22 15:00:09,309 accounts.tasks - Updated AAPL: 253.65 (cached + DB)
[INFO] 2025-09-22 15:00:09,340 accounts.tasks - Updated MSFT: 515.9467 (cached + DB)
[INFO] 2025-09-22 15:00:09,424 accounts.tasks - Updated GOOGL: 254.72 (cached + DB)
[INFO] 2025-09-22 15:00:09,543 accounts.tasks - Updated AAPL: 253.65 (cached + DB)
[INFO] 2025-09-22 15:00:09,543 accounts.tasks - Updated TSLA: 441.1301 (cached + DB)
[INFO] 2025-09-22 15:00:09,880 accounts.tasks - Updated TSLA: 441.165 (cached + DB)
[INFO] 2025-09-22 15:00:10,102 accounts.tasks - Updated GOOGL: 254.73 (cached + DB)
[INFO] 2025-09-22 15:00:10,320 accounts.tasks - Updated AMZN: 229.98 (cached + DB)
[INFO] 2025-09-22 15:00:10,389 accounts.tasks - Updated TSLA: 441.0827 (cached + DB)
[INFO] 2025-09-22 15:00:10,549 accounts.tasks - Updated MSFT: 515.87 (cached + DB)
[INFO] 2025-09-22 15:00:10,833 accounts.tasks - Updated TSLA: 441.0827 (cached + DB)
[INFO] 2025-09-22 15:00:10,894 accounts.tasks - Updated AMZN: 229.98 (cached + DB)
[INFO] 2025-09-22 15:00:10,992 accounts.tasks - Updated TSLA: 441.0827 (cached + DB)
[INFO] 2025-09-22 15:00:11,116 accounts.tasks - Updated MSFT: 515.87 (cached + DB)
[INFO] 2025-09-22 15:00:11,302 accounts.tasks - Updated GOOGL: 254.73 (cached + DB)
[INFO] 2025-09-22 15:00:11,457 accounts.tasks - Updated AMZN: 229.98 (cached + DB)
[INFO] 2025-09-22 15:00:11,641 accounts.tasks - Updated MSFT: 515.87 (cached + DB)
[INFO] 2025-09-22 15:00:11,722 accounts.tasks - Updated AAPL: 253.645 (cached + DB)
[INFO] 2025-09-22 15:00:11,803 accounts.tasks - Updated MSFT: 515.87 (cached + DB)
[INFO] 2025-09-22 15:00:11,884 accounts.tasks - Updated GOOGL: 254.76 (cached + DB)
[INFO] 2025-09-22 15:00:12,154 accounts.tasks - Updated AMZN: 229.9766 (cached + DB)
[INFO] 2025-09-22 15:00:12,358 accounts.tasks - Updated AAPL: 253.6135 (cached + DB)
[INFO] 2025-09-22 15:00:12,410 accounts.tasks - Updated MSFT: 515.87 (cached + DB)
[INFO] 2025-09-22 15:00:12,475 accounts.tasks - Updated GOOGL: 254.76 (cached + DB)
[INFO] 2025-09-22 15:00:12,517 accounts.tasks - Updated AAPL: 253.645 (cached + DB)
[INFO] 2025-09-22 15:00:12,606 accounts.tasks - Updated TSLA: 441.11 (cached + DB)
[INFO] 2025-09-22 15:00:12,878 accounts.tasks - Updated TSLA: 441.11 (cached + DB)
[INFO] 2025-09-22 15:00:13,081 accounts.tasks - Updated TSLA: 441.12 (cached + DB)
[INFO] 2025-09-22 15:00:13,113 accounts.tasks - Updated GOOGL: 254.78 (cached + DB)
[INFO] 2025-09-22 15:00:13,181 accounts.tasks - Updated TSLA: 441.12 (cached + DB)
[INFO] 2025-09-22 15:00:13,265 accounts.tasks - Updated MSFT: 515.87 (cached + DB)
[INFO] 2025-09-22 15:00:13,419 accounts.tasks - Updated AMZN: 229.99 (cached + DB)
[INFO] 2025-09-22 15:00:13,558 accounts.tasks - Updated MSFT: 515.87 (cached + DB)
[INFO] 2025-09-22 15:00:13,564 accounts.tasks - Updated GOOGL: 254.78 (cached + DB)
[INFO] 2025-09-22 15:00:13,803 accounts.tasks - Updated GOOGL: 254.775 (cached + DB)
[INFO] 2025-09-22 15:00:13,837 accounts.tasks - Updated AMZN: 229.99 (cached + DB)
[INFO] 2025-09-22 15:00:13,838 accounts.tasks - Updated AMZN: 229.99 (cached + DB)
[INFO] 2025-09-22 15:00:13,986 accounts.tasks - Updated MSFT: 515.87 (cached + DB)
[INFO] 2025-09-22 15:00:14,124 accounts.tasks - Updated AAPL: 253.5887 (cached + DB)
[INFO] 2025-09-22 15:00:14,274 accounts.tasks - Updated TSLA: 441.09 (cached + DB)
[INFO] 2025-09-22 15:00:14,396 accounts.tasks - Updated AAPL: 253.5887 (cached + DB)
[INFO] 2025-09-22 15:00:14,522 accounts.tasks - Updated GOOGL: 254.775 (cached + DB)
[INFO] 2025-09-22 15:00:14,528 accounts.tasks - Updated AAPL: 253.5887 (cached + DB)
[INFO] 2025-09-22 15:00:14,542 accounts.tasks - Updated MSFT: 515.86 (cached + DB)
[INFO] 2025-09-22 15:00:14,550 accounts.tasks - Updated AAPL: 253.5887 (cached + DB)
[INFO] 2025-09-22 15:00:14,810 accounts.tasks - Updated MSFT: 515.86 (cached + DB)
[INFO] 2025-09-22 15:00:15,053 accounts.tasks - Updated TSLA: 441.085 (cached + DB)
[INFO] 2025-09-22 15:00:15,117 accounts.tasks - Updated TSLA: 441.145 (cached + DB)
[INFO] 2025-09-22 15:00:15,191 accounts.tasks - Updated MSFT: 515.83 (cached + DB)
[INFO] 2025-09-22 15:00:15,257 accounts.tasks - Updated TSLA: 441.145 (cached + DB)
[INFO] 2025-09-22 15:00:15,269 accounts.tasks - Updated AAPL: 253.59 (cached + DB)
[INFO] 2025-09-22 15:00:15,298 accounts.tasks - Updated AAPL: 253.59 (cached + DB)
[INFO] 2025-09-22 15:00:15,317 accounts.tasks - Updated AMZN: 229.97 (cached + DB)
[INFO] 2025-09-22 15:00:15,526 accounts.tasks - Updated GOOGL: 254.77 (cached + DB)
[INFO] 2025-09-22 15:00:15,804 accounts.tasks - Updated AMZN: 229.98 (cached + DB)
[INFO] 2025-09-22 15:00:15,858 accounts.tasks - Updated GOOGL: 254.77 (cached + DB)
[INFO] 2025-09-22 15:00:15,941 accounts.tasks - Updated AMZN: 229.97 (cached + DB)
[INFO] 2025-09-22 15:00:15,942 accounts.tasks - Updated TSLA: 441.18 (cached + DB)
[INFO] 2025-09-22 15:00:16,049 accounts.tasks - Updated AMZN: 229.98 (cached + DB)
[INFO] 2025-09-22 15:00:16,114 accounts.tasks - Updated AMZN: 229.98 (cached + DB)
[INFO] 2025-09-22 15:00:16,245 accounts.tasks - Updated MSFT: 515.84 (cached + DB)
[INFO] 2025-09-22 15:00:16,329 accounts.tasks - Updated AAPL: 253.5691 (cached + DB)
[INFO] 2025-09-22 15:00:16,474 accounts.tasks - Updated MSFT: 515.84 (cached + DB)
[INFO] 2025-09-22 15:00:16,487 accounts.tasks - Updated MSFT: 515.83 (cached + DB)
[INFO] 2025-09-22 15:00:16,598 accounts.tasks - Updated GOOGL: 254.77 (cached + DB)
[INFO] 2025-09-22 15:00:16,639 accounts.tasks - Updated MSFT: 515.84 (cached + DB)
[INFO] 2025-09-22 15:00:16,740 accounts.tasks - Updated GOOGL: 254.77 (cached + DB)
[INFO] 2025-09-22 15:00:16,916 accounts.tasks - Updated TSLA: 441.18 (cached + DB)
[INFO] 2025-09-22 15:00:17,136 accounts.tasks - Updated AAPL: 253.5801 (cached + DB)
[INFO] 2025-09-22 15:00:17,141 accounts.tasks - Updated TSLA: 441.175 (cached + DB)
[INFO] 2025-09-22 15:00:17,145 accounts.tasks - Updated GOOGL: 254.77 (cached + DB)
[INFO] 2025-09-22 15:00:17,250 accounts.tasks - Updated TSLA: 441.175 (cached + DB)
[INFO] 2025-09-22 15:00:17,306 accounts.tasks - Updated GOOGL: 254.77 (cached + DB)
[INFO] 2025-09-22 15:00:17,328 accounts.tasks - Updated GOOGL: 254.77 (cached + DB)
[INFO] 2025-09-22 15:00:17,447 accounts.tasks - Updated MSFT: 515.84 (cached + DB)
[INFO] 2025-09-22 15:00:17,603 accounts.tasks - Updated AAPL: 253.5999 (cached + DB)
[INFO] 2025-09-22 15:00:17,800 accounts.tasks - Updated AAPL: 253.61 (cached + DB)
[INFO] 2025-09-22 15:00:17,831 accounts.tasks - Updated AMZN: 229.99 (cached + DB)
[INFO] 2025-09-22 15:00:17,974 accounts.tasks - Updated AMZN: 229.99 (cached + DB)
[INFO] 2025-09-22 15:00:18,042 accounts.tasks - Updated AMZN: 229.99 (cached + DB)
[INFO] 2025-09-22 15:00:18,147 accounts.tasks - Updated TSLA: 441.329 (cached + DB)
[INFO] 2025-09-22 15:00:18,164 accounts.tasks - Updated GOOGL: 254.77 (cached + DB)
[INFO] 2025-09-22 15:00:18,186 accounts.tasks - Updated AMZN: 229.99 (cached + DB)
[INFO] 2025-09-22 15:00:18,587 accounts.tasks - Updated MSFT: 515.84 (cached + DB)
[INFO] 2025-09-22 15:00:18,587 accounts.tasks - Updated AMZN: 229.99 (cached + DB)
[INFO] 2025-09-22 15:00:18,624 accounts.tasks - Updated MSFT: 515.84 (cached + DB)
[INFO] 2025-09-22 15:00:18,730 accounts.tasks - Updated MSFT: 515.84 (cached + DB)
[INFO] 2025-09-22 15:00:18,848 accounts.tasks - Updated AAPL: 253.5999 (cached + DB)
[INFO] 2025-09-22 15:00:18,883 accounts.tasks - Updated AAPL: 253.58 (cached + DB)
[INFO] 2025-09-22 15:00:18,883 accounts.tasks - Updated MSFT: 515.84 (cached + DB)
[INFO] 2025-09-22 15:00:19,068 accounts.tasks - Updated AMZN: 229.95 (cached + DB)
[INFO] 2025-09-22 15:00:19,291 accounts.tasks - Updated GOOGL: 254.77 (cached + DB)
[INFO] 2025-09-22 15:00:19,300 accounts.tasks - Updated AAPL: 253.58 (cached + DB)
[INFO] 2025-09-22 15:00:19,304 accounts.tasks - Updated AAPL: 253.58 (cached + DB)
[INFO] 2025-09-22 15:00:19,521 accounts.tasks - Updated AAPL: 253.58 (cached + DB)
[INFO] 2025-09-22 15:00:19,590 accounts.tasks - Updated MSFT: 515.84 (cached + DB)
[INFO] 2025-09-22 15:00:19,590 accounts.tasks - Updated AAPL: 253.58 (cached + DB)
[INFO] 2025-09-22 15:00:19,894 accounts.tasks - Updated GOOGL: 254.77 (cached + DB)
[INFO] 2025-09-22 15:00:19,919 accounts.tasks - Updated MSFT: 515.84 (cached + DB)
[INFO] 2025-09-22 15:00:19,975 accounts.tasks - Updated TSLA: 441.32 (cached + DB)
[INFO] 2025-09-22 15:00:20,025 accounts.tasks - Updated TSLA: 441.32 (cached + DB)
[INFO] 2025-09-22 15:00:20,035 accounts.tasks - Updated MSFT: 515.84 (cached + DB)
[INFO] 2025-09-22 15:00:20,243 accounts.tasks - Updated TSLA: 441.3063 (cached + DB)
[INFO] 2025-09-22 15:00:20,270 accounts.tasks - Updated TSLA: 441.32 (cached + DB)
[INFO] 2025-09-22 15:00:20,276 accounts.tasks - Updated AMZN: 229.965 (cached + DB)
[INFO] 2025-09-22 15:00:20,553 accounts.tasks - Updated GOOGL: 254.77 (cached + DB)
[INFO] 2025-09-22 15:00:20,562 accounts.tasks - Updated AMZN: 229.96 (cached + DB)
[INFO] 2025-09-22 15:00:20,709 accounts.tasks - Updated GOOGL: 254.77 (cached + DB)
[INFO] 2025-09-22 15:00:20,711 accounts.tasks - Updated GOOGL: 254.77 (cached + DB)
[INFO] 2025-09-22 15:00:20,750 accounts.tasks - Updated AMZN: 229.96 (cached + DB)
[INFO] 2025-09-22 15:00:20,942 accounts.tasks - Updated GOOGL: 254.75 (cached + DB)
[INFO] 2025-09-22 15:00:20,956 accounts.tasks - Updated GOOGL: 254.75 (cached + DB)
[INFO] 2025-09-22 15:00:20,967 accounts.tasks - Updated TSLA: 441.3063 (cached + DB)
[INFO] 2025-09-22 15:00:21,219 accounts.tasks - Updated MSFT: 515.81 (cached + DB)
[INFO] 2025-09-22 15:00:21,219 accounts.tasks - Updated AAPL: 253.59 (cached + DB)
[INFO] 2025-09-22 15:00:21,390 accounts.tasks - Updated AAPL: 253.59 (cached + DB)
[INFO] 2025-09-22 15:00:21,403 accounts.tasks - Updated AAPL: 253.59 (cached + DB)
[INFO] 2025-09-22 15:00:21,521 accounts.tasks - Updated GOOGL: 254.75 (cached + DB)
[INFO] 2025-09-22 15:00:21,623 accounts.tasks - Updated AMZN: 229.96 (cached + DB)
[INFO] 2025-09-22 15:00:21,651 accounts.tasks - Updated GOOGL: 254.75 (cached + DB)
[INFO] 2025-09-22 15:00:21,665 accounts.tasks - Updated AAPL: 253.59 (cached + DB)
[INFO] 2025-09-22 15:00:21,927 accounts.tasks - Updated AAPL: 253.59 (cached + DB)
[INFO] 2025-09-22 15:00:22,011 accounts.tasks - Updated MSFT: 515.83 (cached + DB)
[INFO] 2025-09-22 15:00:22,078 accounts.tasks - Updated MSFT: 515.83 (cached + DB)
[INFO] 2025-09-22 15:00:22,098 accounts.tasks - Updated MSFT: 515.83 (cached + DB)
[INFO] 2025-09-22 15:00:22,185 accounts.tasks - Updated AAPL: 253.59 (cached + DB)
[INFO] 2025-09-22 15:00:22,345 accounts.tasks - Updated MSFT: 515.83 (cached + DB)
[INFO] 2025-09-22 15:00:22,345 accounts.tasks - Updated AAPL: 253.59 (cached + DB)
[INFO] 2025-09-22 15:00:22,345 accounts.tasks - Updated TSLA: 441.2815 (cached + DB)
[INFO] 2025-09-22 15:00:22,598 accounts.tasks - Updated GOOGL: 254.75 (cached + DB)
[INFO] 2025-09-22 15:00:22,674 accounts.tasks - Updated TSLA: 441.2815 (cached + DB)
[INFO] 2025-09-22 15:00:22,731 accounts.tasks - Updated TSLA: 441.2815 (cached + DB)
[INFO] 2025-09-22 15:00:22,793 accounts.tasks - Updated TSLA: 441.2815 (cached + DB)
[INFO] 2025-09-22 15:00:22,855 accounts.tasks - Updated TSLA: 441.2815 (cached + DB)
[INFO] 2025-09-22 15:00:23,029 accounts.tasks - Updated AMZN: 229.96 (cached + DB)
[INFO] 2025-09-22 15:00:23,039 accounts.tasks - Updated TSLA: 441.4218 (cached + DB)
[INFO] 2025-09-22 15:00:23,042 accounts.tasks - Updated MSFT: 515.83 (cached + DB)
[INFO] 2025-09-22 15:00:23,296 accounts.tasks - Updated TSLA: 441.4218 (cached + DB)
[INFO] 2025-09-22 15:00:23,338 accounts.tasks - Updated GOOGL: 254.75 (cached + DB)
[INFO] 2025-09-22 15:00:23,477 accounts.tasks - Updated AMZN: 229.98 (cached + DB)
[INFO] 2025-09-22 15:00:23,640 accounts.tasks - Updated AMZN: 229.98 (cached + DB)
[INFO] 2025-09-22 15:00:23,665 accounts.tasks - Updated AMZN: 229.98 (cached + DB)
[INFO] 2025-09-22 15:00:23,700 accounts.tasks - Updated GOOGL: 254.75 (cached + DB)
[INFO] 2025-09-22 15:00:23,731 accounts.tasks - Updated AMZN: 229.98 (cached + DB)
[INFO] 2025-09-22 15:00:23,770 accounts.tasks - Updated AAPL: 253.53 (cached + DB)
[INFO] 2025-09-22 15:00:23,955 accounts.tasks - Updated AMZN: 229.98 (cached + DB)
[INFO] 2025-09-22 15:00:23,988 accounts.tasks - Updated AAPL: 253.51 (cached + DB)
[INFO] 2025-09-22 15:00:24,154 accounts.tasks - Updated GOOGL: 254.75 (cached + DB)
[INFO] 2025-09-22 15:00:24,350 accounts.tasks - Updated GOOGL: 254.75 (cached + DB)
[INFO] 2025-09-22 15:00:24,390 accounts.tasks - Updated MSFT: 515.83 (cached + DB)
[INFO] 2025-09-22 15:00:24,415 accounts.tasks - Updated GOOGL: 254.75 (cached + DB)
[INFO] 2025-09-22 15:00:24,442 accounts.tasks - Updated MSFT: 515.83 (cached + DB)
[INFO] 2025-09-22 15:00:24,597 accounts.tasks - Updated MSFT: 515.83 (cached + DB)
[INFO] 2025-09-22 15:00:24,655 accounts.tasks - Updated GOOGL: 254.75 (cached + DB)
[INFO] 2025-09-22 15:00:24,825 accounts.tasks - Updated MSFT: 515.83 (cached + DB)
[INFO] 2025-09-22 15:00:25,079 accounts.tasks - Updated AAPL: 253.5 (cached + DB)
[INFO] 2025-09-22 15:00:25,106 accounts.tasks - Updated MSFT: 515.83 (cached + DB)
[INFO] 2025-09-22 15:00:25,114 accounts.tasks - Updated AMZN: 230.0 (cached + DB)
[INFO] 2025-09-22 15:00:25,129 accounts.tasks - Updated TSLA: 441.52 (cached + DB)
[INFO] 2025-09-22 15:00:25,141 accounts.tasks - Updated AAPL: 253.5 (cached + DB)
[INFO] 2025-09-22 15:00:25,285 accounts.tasks - Updated TSLA: 441.52 (cached + DB)
[INFO] 2025-09-22 15:00:25,333 accounts.tasks - Updated AMZN: 230.0 (cached + DB)
[INFO] 2025-09-22 15:00:25,565 accounts.tasks - Updated TSLA: 441.52 (cached + DB)
[INFO] 2025-09-22 15:00:25,790 accounts.tasks - Updated GOOGL: 254.75 (cached + DB)
[INFO] 2025-09-22 15:00:25,793 accounts.tasks - Updated TSLA: 441.52 (cached + DB)
[INFO] 2025-09-22 15:00:25,811 accounts.tasks - Updated GOOGL: 254.75 (cached + DB)
[INFO] 2025-09-22 15:00:25,811 accounts.tasks - Updated TSLA: 441.52 (cached + DB)
[INFO] 2025-09-22 15:00:25,829 accounts.tasks - Updated AMZN: 230.0 (cached + DB)
[INFO] 2025-09-22 15:00:25,924 accounts.tasks - Updated GOOGL: 254.75 (cached + DB)
[INFO] 2025-09-22 15:00:26,063 accounts.tasks - Updated MSFT: 515.86 (cached + DB)
[INFO] 2025-09-22 15:00:26,253 accounts.tasks - Updated AMZN: 230.0 (cached + DB)
[INFO] 2025-09-22 15:00:26,500 accounts.tasks - Updated TSLA: 441.52 (cached + DB)
[INFO] 2025-09-22 15:00:26,506 accounts.tasks - Updated AMZN: 229.97 (cached + DB)
[INFO] 2025-09-22 15:00:26,515 accounts.tasks - Updated AAPL: 253.53 (cached + DB)
[INFO] 2025-09-22 15:00:26,518 accounts.tasks - Updated MSFT: 515.86 (cached + DB)
[INFO] 2025-09-22 15:00:26,565 accounts.tasks - Updated MSFT: 515.86 (cached + DB)
[INFO] 2025-09-22 15:00:26,639 accounts.tasks - Updated AAPL: 253.54 (cached + DB)
[INFO] 2025-09-22 15:00:26,910 accounts.tasks - Updated AAPL: 253.58 (cached + DB)
[INFO] 2025-09-22 15:00:27,048 accounts.tasks - Updated TSLA: 441.52 (cached + DB)
[INFO] 2025-09-22 15:00:27,176 accounts.tasks - Updated AAPL: 253.58 (cached + DB)
[INFO] 2025-09-22 15:00:27,199 accounts.tasks - Updated MSFT: 515.86 (cached + DB)
[INFO] 2025-09-22 15:00:27,201 accounts.tasks - Updated AAPL: 253.58 (cached + DB)
[INFO] 2025-09-22 15:00:27,233 accounts.tasks - Updated AAPL: 253.58 (cached + DB)
[INFO] 2025-09-22 15:00:27,236 accounts.tasks - Updated GOOGL: 254.75 (cached + DB)
[INFO] 2025-09-22 15:00:27,326 accounts.tasks - Updated AMZN: 229.97 (cached + DB)
[INFO] 2025-09-22 15:00:27,552 accounts.tasks - Updated GOOGL: 254.75 (cached + DB)
[INFO] 2025-09-22 15:00:27,874 accounts.tasks - Updated GOOGL: 254.75 (cached + DB)
[INFO] 2025-09-22 15:00:27,875 accounts.tasks - Updated GOOGL: 254.75 (cached + DB)
[INFO] 2025-09-22 15:00:27,876 accounts.tasks - Updated GOOGL: 254.75 (cached + DB)
[INFO] 2025-09-22 15:00:27,896 accounts.tasks - Updated AMZN: 229.97 (cached + DB)
[INFO] 2025-09-22 15:00:27,914 accounts.tasks - Updated AMZN: 229.97 (cached + DB)
[INFO] 2025-09-22 15:00:27,922 accounts.tasks - Updated MSFT: 515.86 (cached + DB)
[INFO] 2025-09-22 15:00:27,983 accounts.tasks - Updated TSLA: 441.52 (cached + DB)
[INFO] 2025-09-22 15:00:28,236 accounts.tasks - Updated TSLA: 441.4858 (cached + DB)
[INFO] 2025-09-22 15:00:28,535 accounts.tasks - Updated AMZN: 229.97 (cached + DB)
[INFO] 2025-09-22 15:00:28,551 accounts.tasks - Updated TSLA: 441.4858 (cached + DB)
[INFO] 2025-09-22 15:00:28,573 accounts.tasks - Updated TSLA: 441.4858 (cached + DB)
[INFO] 2025-09-22 15:00:28,601 accounts.tasks - Updated GOOGL: 254.75 (cached + DB)
[INFO] 2025-09-22 15:00:28,623 accounts.tasks - Updated TSLA: 441.4858 (cached + DB)
[INFO] 2025-09-22 15:00:28,630 accounts.tasks - Updated MSFT: 515.86 (cached + DB)
[INFO] 2025-09-22 15:00:28,656 accounts.tasks - Updated GOOGL: 254.75 (cached + DB)
[INFO] 2025-09-22 15:00:29,027 accounts.tasks - Updated MSFT: 515.82 (cached + DB)
[INFO] 2025-09-22 15:00:29,212 accounts.tasks - Updated MSFT: 515.82 (cached + DB)
[INFO] 2025-09-22 15:00:29,257 accounts.tasks - Updated MSFT: 515.82 (cached + DB)
[INFO] 2025-09-22 15:00:29,320 accounts.tasks - Updated AMZN: 229.99 (cached + DB)
[INFO] 2025-09-22 15:00:29,329 accounts.tasks - Updated MSFT: 515.82 (cached + DB)
[INFO] 2025-09-22 15:00:29,334 accounts.tasks - Updated AAPL: 253.5645 (cached + DB)
[INFO] 2025-09-22 15:00:29,334 accounts.tasks - Updated TSLA: 441.43 (cached + DB)
[INFO] 2025-09-22 15:00:29,391 accounts.tasks - Updated TSLA: 441.43 (cached + DB)
[INFO] 2025-09-22 15:00:29,838 accounts.tasks - Updated AAPL: 253.56 (cached + DB)
[INFO] 2025-09-22 15:00:29,921 accounts.tasks - Updated AAPL: 253.56 (cached + DB)
[INFO] 2025-09-22 15:00:29,966 accounts.tasks - Updated AAPL: 253.56 (cached + DB)
[INFO] 2025-09-22 15:00:29,998 accounts.tasks - Updated AAPL: 253.5645 (cached + DB)
[INFO] 2025-09-22 15:00:30,050 accounts.tasks - Updated GOOGL: 254.75 (cached + DB)
[INFO] 2025-09-22 15:00:30,097 accounts.tasks - Updated GOOGL: 254.75 (cached + DB)
[INFO] 2025-09-22 15:00:30,167 accounts.tasks - Updated AAPL: 253.56 (cached + DB)
[INFO] 2025-09-22 15:00:30,308 accounts.tasks - Updated GOOGL: 254.75 (cached + DB)
[INFO] 2025-09-22 15:00:30,486 accounts.tasks - Updated AMZN: 229.987 (cached + DB)
[INFO] 2025-09-22 15:00:30,601 accounts.tasks - Updated TSLA: 441.3979 (cached + DB)
[INFO] 2025-09-22 15:00:30,662 accounts.tasks - Updated AMZN: 229.987 (cached + DB)
[INFO] 2025-09-22 15:00:30,701 accounts.tasks - Updated GOOGL: 254.75 (cached + DB)
[INFO] 2025-09-22 15:00:30,736 accounts.tasks - Updated AMZN: 229.99 (cached + DB)
[INFO] 2025-09-22 15:00:30,827 accounts.tasks - Updated AMZN: 229.987 (cached + DB)
[INFO] 2025-09-22 15:00:30,942 accounts.tasks - Updated AMZN: 229.987 (cached + DB)
[INFO] 2025-09-22 15:00:31,056 accounts.tasks - Updated AMZN: 229.987 (cached + DB)
[INFO] 2025-09-22 15:00:31,170 accounts.tasks - Updated GOOGL: 254.75 (cached + DB)
[INFO] 2025-09-22 15:00:31,278 accounts.tasks - Updated MSFT: 515.82 (cached + DB)
[INFO] 2025-09-22 15:00:31,358 accounts.tasks - Updated GOOGL: 254.75 (cached + DB)
[INFO] 2025-09-22 15:00:31,430 accounts.tasks - Updated AMZN: 229.99 (cached + DB)
[INFO] 2025-09-22 15:00:31,432 accounts.tasks - Updated MSFT: 515.82 (cached + DB)
[INFO] 2025-09-22 15:00:31,510 accounts.tasks - Updated MSFT: 515.82 (cached + DB)
[INFO] 2025-09-22 15:00:31,634 accounts.tasks - Updated GOOGL: 254.74 (cached + DB)
[INFO] 2025-09-22 15:00:31,789 accounts.tasks - Updated MSFT: 515.82 (cached + DB)
[INFO] 2025-09-22 15:00:31,913 accounts.tasks - Updated MSFT: 515.82 (cached + DB)
[INFO] 2025-09-22 15:00:31,970 accounts.tasks - Updated AAPL: 253.5225 (cached + DB)
[INFO] 2025-09-22 15:00:32,137 accounts.tasks - Updated AAPL: 253.5225 (cached + DB)
[INFO] 2025-09-22 15:00:32,144 accounts.tasks - Updated AAPL: 253.5225 (cached + DB)
[INFO] 2025-09-22 15:00:32,175 accounts.tasks - Updated MSFT: 515.82 (cached + DB)
[INFO] 2025-09-22 15:00:32,222 accounts.tasks - Updated AAPL: 253.5225 (cached + DB)
[INFO] 2025-09-22 15:00:32,355 accounts.tasks - Updated AAPL: 253.5225 (cached + DB)
[INFO] 2025-09-22 15:00:32,498 accounts.tasks - Updated AAPL: 253.5225 (cached + DB)
[INFO] 2025-09-22 15:00:32,567 accounts.tasks - Updated AAPL: 253.5225 (cached + DB)
[INFO] 2025-09-22 15:00:32,627 accounts.tasks - Updated GOOGL: 254.72 (cached + DB)
[INFO] 2025-09-22 15:00:32,827 accounts.tasks - Updated TSLA: 441.45 (cached + DB)
[INFO] 2025-09-22 15:00:32,846 accounts.tasks - Updated TSLA: 441.45 (cached + DB)
[INFO] 2025-09-22 15:00:32,885 accounts.tasks - Updated TSLA: 441.45 (cached + DB)
[INFO] 2025-09-22 15:00:32,904 accounts.tasks - Updated TSLA: 441.45 (cached + DB)
[INFO] 2025-09-22 15:00:33,059 accounts.tasks - Updated TSLA: 441.39 (cached + DB)
[INFO] 2025-09-22 15:00:33,182 accounts.tasks - Updated TSLA: 441.39 (cached + DB)
[INFO] 2025-09-22 15:00:33,228 accounts.tasks - Updated TSLA: 441.39 (cached + DB)
[INFO] 2025-09-22 15:00:33,389 accounts.tasks - Updated AMZN: 229.97 (cached + DB)
[INFO] 2025-09-22 15:00:33,521 accounts.tasks - Updated GOOGL: 254.72 (cached + DB)
[INFO] 2025-09-22 15:00:33,532 accounts.tasks - Updated MSFT: 515.82 (cached + DB)
[INFO] 2025-09-22 15:00:33,534 accounts.tasks - Updated TSLA: 441.45 (cached + DB)
[INFO] 2025-09-22 15:00:33,634 accounts.tasks - Updated AAPL: 253.54 (cached + DB)
[INFO] 2025-09-22 15:00:33,835 accounts.tasks - Updated TSLA: 441.39 (cached + DB)
[INFO] 2025-09-22 15:00:33,871 accounts.tasks - Updated AMZN: 229.97 (cached + DB)
[INFO] 2025-09-22 15:00:33,876 accounts.tasks - Updated AMZN: 229.97 (cached + DB)
[INFO] 2025-09-22 15:00:34,052 accounts.tasks - Updated TSLA: 441.39 (cached + DB)
[INFO] 2025-09-22 15:00:34,184 accounts.tasks - Updated AMZN: 229.97 (cached + DB)
[INFO] 2025-09-22 15:00:34,210 accounts.tasks - Updated GOOGL: 254.72 (cached + DB)
[INFO] 2025-09-22 15:00:34,213 accounts.tasks - Updated AMZN: 229.97 (cached + DB)
[INFO] 2025-09-22 15:00:34,322 accounts.tasks - Updated AMZN: 229.97 (cached + DB)
[INFO] 2025-09-22 15:00:34,517 accounts.tasks - Updated GOOGL: 254.72 (cached + DB)
[INFO] 2025-09-22 15:00:34,543 accounts.tasks - Updated MSFT: 515.82 (cached + DB)
[INFO] 2025-09-22 15:00:34,546 accounts.tasks - Updated AMZN: 229.97 (cached + DB)
[INFO] 2025-09-22 15:00:34,721 accounts.tasks - Updated GOOGL: 254.72 (cached + DB)
[INFO] 2025-09-22 15:00:34,909 accounts.tasks - Updated GOOGL: 254.72 (cached + DB)
[INFO] 2025-09-22 15:00:34,914 accounts.tasks - Updated AMZN: 229.97 (cached + DB)
[INFO] 2025-09-22 15:00:35,009 accounts.tasks - Updated GOOGL: 254.72 (cached + DB)
[INFO] 2025-09-22 15:00:35,052 accounts.tasks - Updated MSFT: 515.82 (cached + DB)
[INFO] 2025-09-22 15:00:35,232 accounts.tasks - Updated GOOGL: 254.72 (cached + DB)
[INFO] 2025-09-22 15:00:35,232 accounts.tasks - Updated MSFT: 515.78 (cached + DB)
[INFO] 2025-09-22 15:00:35,254 accounts.tasks - Updated MSFT: 515.82 (cached + DB)
[INFO] 2025-09-22 15:00:35,404 accounts.tasks - Updated MSFT: 515.78 (cached + DB)
[INFO] 2025-09-22 15:00:35,560 accounts.tasks - Updated MSFT: 515.78 (cached + DB)
[INFO] 2025-09-22 15:00:35,657 accounts.tasks - Updated AAPL: 253.5499 (cached + DB)
[INFO] 2025-09-22 15:00:35,672 accounts.tasks - Updated MSFT: 515.78 (cached + DB)
[INFO] 2025-09-22 15:00:35,745 accounts.tasks - Updated AAPL: 253.54 (cached + DB)
[INFO] 2025-09-22 15:00:35,944 accounts.tasks - Updated AAPL: 253.54 (cached + DB)
[INFO] 2025-09-22 15:00:35,957 accounts.tasks - Updated AAPL: 253.54 (cached + DB)
[INFO] 2025-09-22 15:00:36,055 accounts.tasks - Updated AAPL: 253.54 (cached + DB)
[INFO] 2025-09-22 15:00:36,080 accounts.tasks - Updated AAPL: 253.54 (cached + DB)
[INFO] 2025-09-22 15:00:36,204 accounts.tasks - Updated AAPL: 253.54 (cached + DB)
[INFO] 2025-09-22 15:00:36,352 accounts.tasks - Updated TSLA: 441.3 (cached + DB)
[INFO] 2025-09-22 15:00:36,383 accounts.tasks - Updated TSLA: 441.3 (cached + DB)
[INFO] 2025-09-22 15:00:36,481 accounts.tasks - Updated GOOGL: 254.717 (cached + DB)
[INFO] 2025-09-22 15:00:36,619 accounts.tasks - Updated TSLA: 441.3 (cached + DB)
[INFO] 2025-09-22 15:00:36,683 accounts.tasks - Updated TSLA: 441.3 (cached + DB)
[INFO] 2025-09-22 15:00:36,756 accounts.tasks - Updated GOOGL: 254.717 (cached + DB)
[INFO] 2025-09-22 15:00:36,768 accounts.tasks - Updated AMZN: 229.9813 (cached + DB)
[INFO] 2025-09-22 15:00:36,845 accounts.tasks - Updated TSLA: 441.3 (cached + DB)
[INFO] 2025-09-22 15:00:37,039 accounts.tasks - Updated MSFT: 515.78 (cached + DB)
[INFO] 2025-09-22 15:00:37,050 accounts.tasks - Updated AAPL: 253.54 (cached + DB)
[INFO] 2025-09-22 15:00:37,183 accounts.tasks - Updated AMZN: 229.9813 (cached + DB)
[INFO] 2025-09-22 15:00:37,645 accounts.tasks - Updated TSLA: 441.33 (cached + DB)
[INFO] 2025-09-22 15:00:37,645 accounts.tasks - Updated AMZN: 229.9813 (cached + DB)
[INFO] 2025-09-22 15:00:37,646 accounts.tasks - Updated AMZN: 229.99 (cached + DB)
[INFO] 2025-09-22 15:00:37,646 accounts.tasks - Updated AMZN: 229.99 (cached + DB)
[INFO] 2025-09-22 15:00:37,646 accounts.tasks - Updated AMZN: 229.99 (cached + DB)
[INFO] 2025-09-22 15:00:37,985 accounts.tasks - Updated MSFT: 515.78 (cached + DB)
[INFO] 2025-09-22 15:00:37,988 accounts.tasks - Updated GOOGL: 254.695 (cached + DB)
[INFO] 2025-09-22 15:00:38,050 accounts.tasks - Updated GOOGL: 254.695 (cached + DB)
[INFO] 2025-09-22 15:00:38,309 accounts.tasks - Updated GOOGL: 254.74 (cached + DB)
[INFO] 2025-09-22 15:00:38,321 accounts.tasks - Updated GOOGL: 254.74 (cached + DB)
[INFO] 2025-09-22 15:00:38,339 accounts.tasks - Updated MSFT: 515.86 (cached + DB)
[INFO] 2025-09-22 15:00:38,393 accounts.tasks - Updated GOOGL: 254.695 (cached + DB)
[INFO] 2025-09-22 15:00:38,655 accounts.tasks - Updated AMZN: 229.99 (cached + DB)
[INFO] 2025-09-22 15:00:38,695 accounts.tasks - Updated AAPL: 253.53 (cached + DB)
[INFO] 2025-09-22 15:00:38,726 accounts.tasks - Updated AMZN: 230.015 (cached + DB)
[INFO] 2025-09-22 15:00:38,850 accounts.tasks - Updated MSFT: 515.86 (cached + DB)
[INFO] 2025-09-22 15:00:39,009 accounts.tasks - Updated MSFT: 515.86 (cached + DB)
[INFO] 2025-09-22 15:00:39,019 accounts.tasks - Updated AAPL: 253.525 (cached + DB)
[INFO] 2025-09-22 15:00:39,024 accounts.tasks - Updated GOOGL: 254.75 (cached + DB)
[INFO] 2025-09-22 15:00:39,061 accounts.tasks - Updated MSFT: 515.8775 (cached + DB)
[INFO] 2025-09-22 15:00:39,345 accounts.tasks - Updated TSLA: 441.32 (cached + DB)
[INFO] 2025-09-22 15:00:39,408 accounts.tasks - Updated TSLA: 441.32 (cached + DB)
[INFO] 2025-09-22 15:00:39,471 accounts.tasks - Updated TSLA: 441.35 (cached + DB)
[INFO] 2025-09-22 15:00:39,566 accounts.tasks - Updated AAPL: 253.525 (cached + DB)
[INFO] 2025-09-22 15:00:39,683 accounts.tasks - Updated AAPL: 253.525 (cached + DB)
[INFO] 2025-09-22 15:00:39,696 accounts.tasks - Updated TSLA: 441.32 (cached + DB)
[INFO] 2025-09-22 15:00:40,310 accounts.tasks - Updated MSFT: 515.8775 (cached + DB)
[INFO] 2025-09-22 15:00:40,310 accounts.tasks - Updated AAPL: 253.525 (cached + DB)
[INFO] 2025-09-22 15:00:40,635 accounts.tasks - Updated TSLA: 441.2801 (cached + DB)
[INFO] 2025-09-22 15:00:40,643 accounts.tasks - Updated MSFT: 515.905 (cached + DB)
[INFO] 2025-09-22 15:00:40,653 accounts.tasks - Updated TSLA: 441.32 (cached + DB)
[INFO] 2025-09-22 15:00:40,653 accounts.tasks - Updated GOOGL: 254.75 (cached + DB)
[INFO] 2025-09-22 15:00:40,976 accounts.tasks - Updated AAPL: 253.525 (cached + DB)
[INFO] 2025-09-22 15:00:41,048 accounts.tasks - Updated AMZN: 229.9824 (cached + DB)
[INFO] 2025-09-22 15:00:41,052 accounts.tasks - Updated TSLA: 441.32 (cached + DB)
[INFO] 2025-09-22 15:00:41,362 accounts.tasks - Updated AMZN: 229.9824 (cached + DB)
[INFO] 2025-09-22 15:00:41,362 accounts.tasks - Updated GOOGL: 254.75 (cached + DB)
[INFO] 2025-09-22 15:00:41,461 accounts.tasks - Updated GOOGL: 254.75 (cached + DB)
[INFO] 2025-09-22 15:00:41,772 accounts.tasks - Updated AMZN: 229.9824 (cached + DB)
[INFO] 2025-09-22 15:00:41,772 accounts.tasks - Updated MSFT: 515.9117 (cached + DB)
[INFO] 2025-09-22 15:00:42,181 accounts.tasks - Updated AAPL: 253.545 (cached + DB)
[INFO] 2025-09-22 15:00:42,996 accounts.tasks - Updated GOOGL: 254.75 (cached + DB)
[INFO] 2025-09-22 15:00:43,333 accounts.tasks - Updated AMZN: 229.99 (cached + DB)
[INFO] 2025-09-22 15:01:00,746 accounts.tasks - Updated TSLA: 441.7095 (cached + DB)
[INFO] 2025-09-22 15:01:01,532 accounts.tasks - Updated MSFT: 515.905 (cached + DB)
[INFO] 2025-09-22 15:01:02,352 accounts.tasks - Updated AAPL: 253.64 (cached + DB)
[INFO] 2025-09-22 15:01:03,171 accounts.tasks - Updated GOOGL: 254.83 (cached + DB)
[INFO] 2025-09-22 15:01:04,000 accounts.tasks - Updated AMZN: 230.06 (cached + DB)
[INFO] 2025-09-22 15:02:00,777 accounts.tasks - Updated TSLA: 441.31 (cached + DB)
[INFO] 2025-09-22 15:02:01,539 accounts.tasks - Updated MSFT: 515.98 (cached + DB)
[INFO] 2025-09-22 15:02:02,357 accounts.tasks - Updated AAPL: 253.59 (cached + DB)
[INFO] 2025-09-22 15:02:03,176 accounts.tasks - Updated GOOGL: 254.9 (cached + DB)
[INFO] 2025-09-22 15:02:03,921 accounts.tasks - Updated AMZN: 230.0 (cached + DB)
[INFO] 2025-09-22 15:05:03,665 accounts.tasks - Updated TSLA: 440.3 (cached + DB)
[INFO] 2025-09-22 15:05:04,834 accounts.tasks - Updated MSFT: 515.91 (cached + DB)
[INFO] 2025-09-22 15:05:06,019 accounts.tasks - Updated AAPL: 253.71 (cached + DB)
[INFO] 2025-09-22 15:05:07,361 accounts.tasks - Updated GOOGL: 254.3901 (cached + DB)
[INFO] 2025-09-22 15:05:09,657 accounts.tasks - Updated AMZN: 229.55 (cached + DB)
[INFO] 2025-09-22 15:10:02,219 accounts.tasks - Updated TSLA: 441.75 (cached + DB)
[INFO] 2025-09-22 15:10:03,037 accounts.tasks - Updated MSFT: 515.73 (cached + DB)
[INFO] 2025-09-22 15:10:03,757 accounts.tasks - Updated AAPL: 254.395 (cached + DB)
[INFO] 2025-09-22 15:10:04,484 accounts.tasks - Updated GOOGL: 254.03 (cached + DB)
[INFO] 2025-09-22 15:10:05,339 accounts.tasks - Updated AMZN: 229.405 (cached + DB)
[INFO] 2025-09-22 15:15:02,044 accounts.tasks - Updated TSLA: 441.555 (cached + DB)
[INFO] 2025-09-22 15:15:02,747 accounts.tasks - Updated MSFT: 515.24 (cached + DB)
[INFO] 2025-09-22 15:15:03,568 accounts.tasks - Updated AAPL: 254.6687 (cached + DB)
[INFO] 2025-09-22 15:15:04,306 accounts.tasks - Updated GOOGL: 253.98 (cached + DB)
[INFO] 2025-09-22 15:15:05,054 accounts.tasks - Updated AMZN: 229.63 (cached + DB)
[INFO] 2025-09-22 15:20:02,049 accounts.tasks - Updated TSLA: 441.0301 (cached + DB)
[INFO] 2025-09-22 15:20:02,728 accounts.tasks - Updated MSFT: 515.09 (cached + DB)
[INFO] 2025-09-22 15:20:03,434 accounts.tasks - Updated AAPL: 254.83 (cached + DB)
[INFO] 2025-09-22 15:20:04,156 accounts.tasks - Updated GOOGL: 253.797 (cached + DB)
[INFO] 2025-09-22 15:20:04,954 accounts.tasks - Updated AMZN: 229.315 (cached + DB)
[INFO] 2025-09-22 15:25:05,991 accounts.tasks - Updated TSLA: 441.135 (cached + DB)
[INFO] 2025-09-22 15:25:06,626 accounts.tasks - Updated MSFT: 515.1225 (cached + DB)
[INFO] 2025-09-22 15:25:07,331 accounts.tasks - Updated AAPL: 255.43 (cached + DB)
[INFO] 2025-09-22 15:25:08,246 accounts.tasks - Updated GOOGL: 253.82 (cached + DB)
[INFO] 2025-09-22 15:25:09,081 accounts.tasks - Updated AMZN: 229.2759 (cached + DB)
[INFO] 2025-09-23 07:33:00,118 accounts.tasks - Updated TSLA: 434.21 (cached + DB)
[INFO] 2025-09-23 07:33:01,282 accounts.tasks - Updated MSFT: 514.45 (cached + DB)
[INFO] 2025-09-23 07:33:02,819 accounts.tasks - Updated AAPL: 256.08 (cached + DB)
[INFO] 2025-09-23 07:33:04,046 accounts.tasks - Updated GOOGL: 252.53 (cached + DB)
[INFO] 2025-09-23 07:33:05,480 accounts.tasks - Updated AMZN: 227.63 (cached + DB)
[INFO] 2025-09-23 07:34:36,137 accounts.tasks - Updated TSLA: 434.21 (cached + DB)
[INFO] 2025-09-23 07:34:36,989 accounts.tasks - Updated MSFT: 514.45 (cached + DB)
[INFO] 2025-09-23 07:34:37,714 accounts.tasks - Updated AAPL: 256.08 (cached + DB)
[INFO] 2025-09-23 07:34:38,429 accounts.tasks - Updated GOOGL: 252.53 (cached + DB)
[INFO] 2025-09-23 07:34:39,139 accounts.tasks - Updated AMZN: 227.63 (cached + DB)
[INFO] 2025-09-23 07:35:00,751 accounts.tasks - Updated TSLA: 434.21 (cached + DB)
[INFO] 2025-09-23 07:35:01,420 accounts.tasks - Updated MSFT: 514.45 (cached + DB)
[INFO] 2025-09-23 07:35:02,186 accounts.tasks - Updated AAPL: 256.08 (cached + DB)
[INFO] 2025-09-23 07:35:03,002 accounts.tasks - Updated GOOGL: 252.53 (cached + DB)
[INFO] 2025-09-23 07:35:04,231 accounts.tasks - Updated AMZN: 227.63 (cached + DB)
[INFO] 2025-09-23 07:40:02,744 accounts.tasks - Updated TSLA: 434.21 (cached + DB)
[INFO] 2025-09-23 07:40:03,966 accounts.tasks - Updated MSFT: 514.45 (cached + DB)
[INFO] 2025-09-23 07:40:05,109 accounts.tasks - Updated AAPL: 256.08 (cached + DB)
[INFO] 2025-09-23 07:40:06,321 accounts.tasks - Updated GOOGL: 252.53 (cached + DB)
[INFO] 2025-09-23 07:40:07,552 accounts.tasks - Updated AMZN: 227.63 (cached + DB)
[INFO] 2025-09-23 07:45:02,070 accounts.tasks - Updated TSLA: 434.21 (cached + DB)
[INFO] 2025-09-23 07:45:02,710 accounts.tasks - Updated MSFT: 514.45 (cached + DB)
[INFO] 2025-09-23 07:45:03,648 accounts.tasks - Updated AAPL: 256.08 (cached + DB)
[INFO] 2025-09-23 07:45:04,320 accounts.tasks - Updated GOOGL: 252.53 (cached + DB)
[INFO] 2025-09-23 07:45:04,962 accounts.tasks - Updated AMZN: 227.63 (cached + DB)
[INFO] 2025-09-23 07:50:01,971 accounts.tasks - Updated TSLA: 434.21 (cached + DB)
[INFO] 2025-09-23 07:50:02,719 accounts.tasks - Updated MSFT: 514.45 (cached + DB)
[INFO] 2025-09-23 07:50:03,436 accounts.tasks - Updated AAPL: 256.08 (cached + DB)
[INFO] 2025-09-23 07:50:04,178 accounts.tasks - Updated GOOGL: 252.53 (cached + DB)
[INFO] 2025-09-23 07:50:04,972 accounts.tasks - Updated AMZN: 227.63 (cached + DB)
[INFO] 2025-09-23 07:55:03,092 accounts.tasks - Updated TSLA: 434.21 (cached + DB)
[INFO] 2025-09-23 07:55:04,194 accounts.tasks - Updated MSFT: 514.45 (cached + DB)
[INFO] 2025-09-23 07:55:05,337 accounts.tasks - Updated AAPL: 256.08 (cached + DB)
[INFO] 2025-09-23 07:55:06,548 accounts.tasks - Updated GOOGL: 252.53 (cached + DB)
[INFO] 2025-09-23 07:55:07,689 accounts.tasks - Updated AMZN: 227.63 (cached + DB)
[INFO] 2025-09-23 08:00:02,899 accounts.tasks - Updated TSLA: 434.21 (cached + DB)
[INFO] 2025-09-23 08:00:04,121 accounts.tasks - Updated MSFT: 514.45 (cached + DB)
[INFO] 2025-09-23 08:00:05,272 accounts.tasks - Updated AAPL: 256.08 (cached + DB)
[INFO] 2025-09-23 08:00:06,343 accounts.tasks - Updated GOOGL: 252.53 (cached + DB)
[INFO] 2025-09-23 08:00:07,600 accounts.tasks - Updated AMZN: 227.63 (cached + DB)
[INFO] 2025-09-23 08:10:02,812 accounts.tasks - Updated TSLA: 434.21 (cached + DB)
[INFO] 2025-09-23 08:10:03,797 accounts.tasks - Updated MSFT: 514.45 (cached + DB)
[INFO] 2025-09-23 08:10:05,021 accounts.tasks - Updated AAPL: 256.08 (cached + DB)
[INFO] 2025-09-23 08:10:06,108 accounts.tasks - Updated GOOGL: 252.53 (cached + DB)
[INFO] 2025-09-23 08:10:07,273 accounts.tasks - Updated AMZN: 227.63 (cached + DB)
[INFO] 2025-09-23 08:20:03,093 accounts.tasks - Updated TSLA: 434.21 (cached + DB)
[INFO] 2025-09-23 08:20:04,322 accounts.tasks - Updated MSFT: 514.45 (cached + DB)
[INFO] 2025-09-23 08:20:05,556 accounts.tasks - Updated AAPL: 256.08 (cached + DB)
[INFO] 2025-09-23 08:20:06,781 accounts.tasks - Updated GOOGL: 252.53 (cached + DB)
[INFO] 2025-09-23 08:20:08,009 accounts.tasks - Updated AMZN: 227.63 (cached + DB)
[INFO] 2025-09-23 08:30:03,067 accounts.tasks - Updated TSLA: 434.21 (cached + DB)
[INFO] 2025-09-23 08:30:04,396 accounts.tasks - Updated MSFT: 514.45 (cached + DB)
[INFO] 2025-09-23 08:30:05,624 accounts.tasks - Updated AAPL: 256.08 (cached + DB)
[INFO] 2025-09-23 08:30:06,750 accounts.tasks - Updated GOOGL: 252.53 (cached + DB)
[INFO] 2025-09-23 08:30:07,978 accounts.tasks - Updated AMZN: 227.63 (cached + DB)
[INFO] 2025-09-23 08:40:05,801 accounts.tasks - Updated TSLA: 434.21 (cached + DB)
[INFO] 2025-09-23 08:40:06,931 accounts.tasks - Updated MSFT: 514.45 (cached + DB)
[INFO] 2025-09-23 08:40:07,963 accounts.tasks - Updated AAPL: 256.08 (cached + DB)
[INFO] 2025-09-23 08:40:09,091 accounts.tasks - Updated GOOGL: 252.53 (cached + DB)
[INFO] 2025-09-23 08:40:10,617 accounts.tasks - Updated AMZN: 227.63 (cached + DB)
[INFO] 2025-09-23 08:50:02,300 accounts.tasks - Updated TSLA: 434.21 (cached + DB)
[INFO] 2025-09-23 08:50:03,029 accounts.tasks - Updated MSFT: 514.45 (cached + DB)
[INFO] 2025-09-23 08:50:03,827 accounts.tasks - Updated AAPL: 256.08 (cached + DB)
[INFO] 2025-09-23 08:50:04,550 accounts.tasks - Updated GOOGL: 252.53 (cached + DB)
[INFO] 2025-09-23 08:50:05,362 accounts.tasks - Updated AMZN: 227.63 (cached + DB)
[INFO] 2025-09-23 09:00:02,103 accounts.tasks - Updated TSLA: 434.21 (cached + DB)
[INFO] 2025-09-23 09:00:02,874 accounts.tasks - Updated MSFT: 514.45 (cached + DB)
[INFO] 2025-09-23 09:00:03,639 accounts.tasks - Updated AAPL: 256.08 (cached + DB)
[INFO] 2025-09-23 09:00:04,308 accounts.tasks - Updated GOOGL: 252.53 (cached + DB)
[INFO] 2025-09-23 09:00:05,026 accounts.tasks - Updated AMZN: 227.63 (cached + DB)
[INFO] 2025-09-23 09:10:02,260 accounts.tasks - Updated TSLA: 434.21 (cached + DB)
[INFO] 2025-09-23 09:10:03,053 accounts.tasks - Updated MSFT: 514.45 (cached + DB)
[INFO] 2025-09-23 09:10:03,874 accounts.tasks - Updated AAPL: 256.08 (cached + DB)
[INFO] 2025-09-23 09:10:04,867 accounts.tasks - Updated GOOGL: 252.53 (cached + DB)
[INFO] 2025-09-23 09:10:05,634 accounts.tasks - Updated AMZN: 227.63 (cached + DB)
[INFO] 2025-09-23 09:20:02,209 accounts.tasks - Updated TSLA: 434.21 (cached + DB)
[INFO] 2025-09-23 09:20:03,003 accounts.tasks - Updated MSFT: 514.45 (cached + DB)
[INFO] 2025-09-23 09:20:03,718 accounts.tasks - Updated AAPL: 256.08 (cached + DB)
[INFO] 2025-09-23 09:20:04,371 accounts.tasks - Updated GOOGL: 252.53 (cached + DB)
[INFO] 2025-09-23 09:20:05,035 accounts.tasks - Updated AMZN: 227.63 (cached + DB)
[INFO] 2025-09-23 09:30:02,164 accounts.tasks - Updated TSLA: 434.21 (cached + DB)
[INFO] 2025-09-23 09:30:02,864 accounts.tasks - Updated MSFT: 514.45 (cached + DB)
[INFO] 2025-09-23 09:30:03,798 accounts.tasks - Updated AAPL: 256.08 (cached + DB)
[INFO] 2025-09-23 09:30:04,501 accounts.tasks - Updated GOOGL: 252.53 (cached + DB)
[INFO] 2025-09-23 09:30:05,215 accounts.tasks - Updated AMZN: 227.63 (cached + DB)
[INFO] 2025-09-23 09:40:01,960 accounts.tasks - Updated TSLA: 434.21 (cached + DB)
[INFO] 2025-09-23 09:40:02,751 accounts.tasks - Updated MSFT: 514.45 (cached + DB)
[INFO] 2025-09-23 09:40:03,372 accounts.tasks - Updated AAPL: 256.08 (cached + DB)
[INFO] 2025-09-23 09:40:04,027 accounts.tasks - Updated GOOGL: 252.53 (cached + DB)
[INFO] 2025-09-23 09:40:04,712 accounts.tasks - Updated AMZN: 227.63 (cached + DB)
[INFO] 2025-09-23 09:50:02,213 accounts.tasks - Updated TSLA: 434.21 (cached + DB)
[INFO] 2025-09-23 09:50:02,930 accounts.tasks - Updated MSFT: 514.45 (cached + DB)
[INFO] 2025-09-23 09:50:04,365 accounts.tasks - Updated AAPL: 256.08 (cached + DB)
[INFO] 2025-09-23 09:50:05,085 accounts.tasks - Updated GOOGL: 252.53 (cached + DB)
[INFO] 2025-09-23 09:50:05,799 accounts.tasks - Updated AMZN: 227.63 (cached + DB)
[INFO] 2025-09-23 10:00:01,994 accounts.tasks - Updated TSLA: 434.21 (cached + DB)
[INFO] 2025-09-23 10:00:02,688 accounts.tasks - Updated MSFT: 514.45 (cached + DB)
[INFO] 2025-09-23 10:00:03,503 accounts.tasks - Updated AAPL: 256.08 (cached + DB)
[INFO] 2025-09-23 10:00:04,137 accounts.tasks - Updated GOOGL: 252.53 (cached + DB)
[INFO] 2025-09-23 10:00:04,846 accounts.tasks - Updated AMZN: 227.63 (cached + DB)
[INFO] 2025-09-23 10:10:05,013 accounts.tasks - Updated TSLA: 434.21 (cached + DB)
[INFO] 2025-09-23 10:10:05,789 accounts.tasks - Updated MSFT: 514.45 (cached + DB)
[INFO] 2025-09-23 10:10:06,455 accounts.tasks - Updated AAPL: 256.08 (cached + DB)
[INFO] 2025-09-23 10:10:07,174 accounts.tasks - Updated GOOGL: 252.53 (cached + DB)
[INFO] 2025-09-23 10:10:07,844 accounts.tasks - Updated AMZN: 227.63 (cached + DB)
[INFO] 2025-09-23 10:20:02,124 accounts.tasks - Updated TSLA: 434.21 (cached + DB)
[INFO] 2025-09-23 10:20:02,938 accounts.tasks - Updated MSFT: 514.45 (cached + DB)
[INFO] 2025-09-23 10:20:03,657 accounts.tasks - Updated AAPL: 256.08 (cached + DB)
[INFO] 2025-09-23 10:20:04,345 accounts.tasks - Updated GOOGL: 252.53 (cached + DB)
[INFO] 2025-09-23 10:20:05,266 accounts.tasks - Updated AMZN: 227.63 (cached + DB)
[INFO] 2025-09-23 10:30:02,893 accounts.tasks - Updated TSLA: 434.21 (cached + DB)
[INFO] 2025-09-23 10:30:04,420 accounts.tasks - Updated MSFT: 514.45 (cached + DB)
[INFO] 2025-09-23 10:30:05,130 accounts.tasks - Updated AAPL: 256.08 (cached + DB)
[INFO] 2025-09-23 10:30:05,965 accounts.tasks - Updated GOOGL: 252.53 (cached + DB)
[INFO] 2025-09-23 10:30:06,674 accounts.tasks - Updated AMZN: 227.63 (cached + DB)
[INFO] 2025-09-23 10:40:02,708 accounts.tasks - Updated TSLA: 434.21 (cached + DB)
[INFO] 2025-09-23 10:40:03,470 accounts.tasks - Updated MSFT: 514.45 (cached + DB)
[INFO] 2025-09-23 10:40:04,300 accounts.tasks - Updated AAPL: 256.08 (cached + DB)
[INFO] 2025-09-23 10:40:05,083 accounts.tasks - Updated GOOGL: 252.53 (cached + DB)
[INFO] 2025-09-23 10:40:05,783 accounts.tasks - Updated AMZN: 227.63 (cached + DB)
[INFO] 2025-09-23 10:50:02,491 accounts.tasks - Updated TSLA: 434.21 (cached + DB)
[INFO] 2025-09-23 10:50:03,135 accounts.tasks - Updated MSFT: 514.45 (cached + DB)
[INFO] 2025-09-23 10:50:03,838 accounts.tasks - Updated AAPL: 256.08 (cached + DB)
[INFO] 2025-09-23 10:50:04,565 accounts.tasks - Updated GOOGL: 252.53 (cached + DB)
[INFO] 2025-09-23 10:50:05,384 accounts.tasks - Updated AMZN: 227.63 (cached + DB)
[INFO] 2025-09-23 11:00:02,542 accounts.tasks - Updated TSLA: 434.21 (cached + DB)
[INFO] 2025-09-23 11:00:03,174 accounts.tasks - Updated MSFT: 514.45 (cached + DB)
[INFO] 2025-09-23 11:00:03,933 accounts.tasks - Updated AAPL: 256.08 (cached + DB)
[INFO] 2025-09-23 11:00:06,563 accounts.tasks - Updated GOOGL: 252.53 (cached + DB)
[INFO] 2025-09-23 11:00:07,381 accounts.tasks - Updated AMZN: 227.63 (cached + DB)
[INFO] 2025-09-23 11:10:02,438 accounts.tasks - Updated TSLA: 434.21 (cached + DB)
[INFO] 2025-09-23 11:10:03,462 accounts.tasks - Updated MSFT: 514.45 (cached + DB)
[INFO] 2025-09-23 11:10:04,416 accounts.tasks - Updated AAPL: 256.08 (cached + DB)
[INFO] 2025-09-23 11:10:05,209 accounts.tasks - Updated GOOGL: 252.53 (cached + DB)
[INFO] 2025-09-23 11:10:05,823 accounts.tasks - Updated AMZN: 227.63 (cached + DB)
[INFO] 2025-09-23 11:20:02,371 accounts.tasks - Updated TSLA: 434.21 (cached + DB)
[INFO] 2025-09-23 11:20:02,982 accounts.tasks - Updated MSFT: 514.45 (cached + DB)
[INFO] 2025-09-23 11:20:03,611 accounts.tasks - Updated AAPL: 256.08 (cached + DB)
[INFO] 2025-09-23 11:20:04,422 accounts.tasks - Updated GOOGL: 252.53 (cached + DB)
[INFO] 2025-09-23 11:20:05,037 accounts.tasks - Updated AMZN: 227.63 (cached + DB)
[INFO] 2025-09-23 11:30:01,925 accounts.tasks - Updated TSLA: 434.21 (cached + DB)
[INFO] 2025-09-23 11:30:02,873 accounts.tasks - Updated MSFT: 514.45 (cached + DB)
[INFO] 2025-09-23 11:30:03,618 accounts.tasks - Updated AAPL: 256.08 (cached + DB)
[INFO] 2025-09-23 11:30:04,331 accounts.tasks - Updated GOOGL: 252.53 (cached + DB)
[INFO] 2025-09-23 11:30:05,261 accounts.tasks - Updated AMZN: 227.63 (cached + DB)
[INFO] 2025-09-23 11:40:02,083 accounts.tasks - Updated TSLA: 434.21 (cached + DB)
[INFO] 2025-09-23 11:40:03,530 accounts.tasks - Updated MSFT: 514.45 (cached + DB)
[INFO] 2025-09-23 11:40:04,296 accounts.tasks - Updated AAPL: 256.08 (cached + DB)
[INFO] 2025-09-23 11:40:05,019 accounts.tasks - Updated GOOGL: 252.53 (cached + DB)
[INFO] 2025-09-23 11:40:05,994 accounts.tasks - Updated AMZN: 227.63 (cached + DB)
[INFO] 2025-09-23 11:50:02,340 accounts.tasks - Updated TSLA: 434.21 (cached + DB)
[INFO] 2025-09-23 11:50:03,006 accounts.tasks - Updated MSFT: 514.45 (cached + DB)
[INFO] 2025-09-23 11:50:03,969 accounts.tasks - Updated AAPL: 256.08 (cached + DB)
[INFO] 2025-09-23 11:50:04,706 accounts.tasks - Updated GOOGL: 252.53 (cached + DB)
[INFO] 2025-09-23 11:50:05,556 accounts.tasks - Updated AMZN: 227.63 (cached + DB)
[INFO] 2025-09-23 12:00:02,549 accounts.tasks - Updated TSLA: 434.21 (cached + DB)
[INFO] 2025-09-23 12:00:05,625 accounts.tasks - Updated MSFT: 514.45 (cached + DB)
[INFO] 2025-09-23 12:00:08,594 accounts.tasks - Updated AAPL: 256.08 (cached + DB)
[INFO] 2025-09-23 12:00:09,315 accounts.tasks - Updated GOOGL: 252.53 (cached + DB)
[INFO] 2025-09-23 12:00:10,515 accounts.tasks - Updated AMZN: 227.63 (cached + DB)
[INFO] 2025-09-23 12:10:02,116 accounts.tasks - Updated TSLA: 434.21 (cached + DB)
[INFO] 2025-09-23 12:10:02,835 accounts.tasks - Updated MSFT: 514.45 (cached + DB)
[INFO] 2025-09-23 12:10:03,477 accounts.tasks - Updated AAPL: 256.08 (cached + DB)
[INFO] 2025-09-23 12:10:04,429 accounts.tasks - Updated GOOGL: 252.53 (cached + DB)
[INFO] 2025-09-23 12:10:05,081 accounts.tasks - Updated AMZN: 227.63 (cached + DB)
[INFO] 2025-09-23 12:20:01,875 accounts.tasks - Updated TSLA: 434.21 (cached + DB)
[INFO] 2025-09-23 12:20:02,696 accounts.tasks - Updated MSFT: 514.45 (cached + DB)
[INFO] 2025-09-23 12:20:03,511 accounts.tasks - Updated AAPL: 256.08 (cached + DB)
[INFO] 2025-09-23 12:20:04,129 accounts.tasks - Updated GOOGL: 252.53 (cached + DB)
[INFO] 2025-09-23 12:20:05,269 accounts.tasks - Updated AMZN: 227.63 (cached + DB)
[INFO] 2025-09-23 12:30:01,930 accounts.tasks - Updated TSLA: 434.21 (cached + DB)
[INFO] 2025-09-23 12:30:02,559 accounts.tasks - Updated MSFT: 514.45 (cached + DB)
[INFO] 2025-09-23 12:30:03,269 accounts.tasks - Updated AAPL: 256.08 (cached + DB)
[INFO] 2025-09-23 12:30:04,055 accounts.tasks - Updated GOOGL: 252.53 (cached + DB)
[INFO] 2025-09-23 12:30:04,691 accounts.tasks - Updated AMZN: 227.63 (cached + DB)
[INFO] 2025-09-23 12:40:01,826 accounts.tasks - Updated TSLA: 434.21 (cached + DB)
[INFO] 2025-09-23 12:40:02,518 accounts.tasks - Updated MSFT: 514.45 (cached + DB)
[INFO] 2025-09-23 12:40:03,139 accounts.tasks - Updated AAPL: 256.08 (cached + DB)
[INFO] 2025-09-23 12:40:03,834 accounts.tasks - Updated GOOGL: 252.53 (cached + DB)
[INFO] 2025-09-23 12:40:04,462 accounts.tasks - Updated AMZN: 227.63 (cached + DB)
[INFO] 2025-09-23 12:50:02,318 accounts.tasks - Updated TSLA: 434.21 (cached + DB)
[INFO] 2025-09-23 12:50:03,059 accounts.tasks - Updated MSFT: 514.45 (cached + DB)
[INFO] 2025-09-23 12:50:03,686 accounts.tasks - Updated AAPL: 256.08 (cached + DB)
[INFO] 2025-09-23 12:50:04,551 accounts.tasks - Updated GOOGL: 252.53 (cached + DB)
[INFO] 2025-09-23 12:50:05,198 accounts.tasks - Updated AMZN: 227.63 (cached + DB)
[INFO] 2025-09-23 13:00:02,544 accounts.tasks - Updated TSLA: 434.21 (cached + DB)
[INFO] 2025-09-23 13:00:03,324 accounts.tasks - Updated MSFT: 514.45 (cached + DB)
[INFO] 2025-09-23 13:00:04,031 accounts.tasks - Updated AAPL: 256.08 (cached + DB)
[INFO] 2025-09-23 13:00:04,703 accounts.tasks - Updated GOOGL: 252.53 (cached + DB)
[INFO] 2025-09-23 13:00:05,876 accounts.tasks - Updated AMZN: 227.63 (cached + DB)
[INFO] 2025-09-24 09:16:54,426 accounts.tasks - Updated TSLA: 425.85 (cached + DB)
[INFO] 2025-09-24 09:16:55,511 accounts.tasks - Updated MSFT: 509.23 (cached + DB)
[INFO] 2025-09-24 09:16:56,725 accounts.tasks - Updated AAPL: 254.43 (cached + DB)
[INFO] 2025-09-24 09:16:57,747 accounts.tasks - Updated GOOGL: 251.66 (cached + DB)
[INFO] 2025-09-24 09:16:58,731 accounts.tasks - Updated AMZN: 220.71 (cached + DB)
[INFO] 2025-09-24 09:20:03,001 accounts.tasks - Updated TSLA: 425.85 (cached + DB)
[INFO] 2025-09-24 09:20:05,285 accounts.tasks - Updated MSFT: 509.23 (cached + DB)
[INFO] 2025-09-24 09:20:06,374 accounts.tasks - Updated AAPL: 254.43 (cached + DB)
[INFO] 2025-09-24 09:20:07,970 accounts.tasks - Updated GOOGL: 251.66 (cached + DB)
[INFO] 2025-09-24 09:20:09,030 accounts.tasks - Updated AMZN: 220.71 (cached + DB)
[INFO] 2025-09-24 09:30:02,466 accounts.tasks - Updated TSLA: 425.85 (cached + DB)
[INFO] 2025-09-24 09:30:03,345 accounts.tasks - Updated MSFT: 509.23 (cached + DB)
[INFO] 2025-09-24 09:30:04,310 accounts.tasks - Updated AAPL: 254.43 (cached + DB)
[INFO] 2025-09-24 09:30:05,229 accounts.tasks - Updated GOOGL: 251.66 (cached + DB)
[INFO] 2025-09-24 09:30:07,392 accounts.tasks - Updated AMZN: 220.71 (cached + DB)
[INFO] 2025-09-24 09:40:03,467 accounts.tasks - Updated TSLA: 425.85 (cached + DB)
[INFO] 2025-09-24 09:40:04,191 accounts.tasks - Updated MSFT: 509.23 (cached + DB)
[INFO] 2025-09-24 09:40:05,003 accounts.tasks - Updated AAPL: 254.43 (cached + DB)
[INFO] 2025-09-24 09:40:08,073 accounts.tasks - Updated GOOGL: 251.66 (cached + DB)
[INFO] 2025-09-24 09:40:08,802 accounts.tasks - Updated AMZN: 220.71 (cached + DB)
[INFO] 2025-09-24 09:50:02,932 accounts.tasks - Updated TSLA: 425.85 (cached + DB)
[INFO] 2025-09-24 09:50:05,383 accounts.tasks - Updated MSFT: 509.23 (cached + DB)
[INFO] 2025-09-24 09:50:07,447 accounts.tasks - Updated AAPL: 254.43 (cached + DB)
[INFO] 2025-09-24 09:50:08,251 accounts.tasks - Updated GOOGL: 251.66 (cached + DB)
[INFO] 2025-09-24 09:50:09,376 accounts.tasks - Updated AMZN: 220.71 (cached + DB)
[INFO] 2025-09-24 10:00:14,354 accounts.tasks - Updated TSLA: 425.85 (cached + DB)
[INFO] 2025-09-24 10:00:15,186 accounts.tasks - Updated MSFT: 509.23 (cached + DB)
[INFO] 2025-09-24 10:00:15,965 accounts.tasks - Updated AAPL: 254.43 (cached + DB)
[INFO] 2025-09-24 10:00:16,938 accounts.tasks - Updated GOOGL: 251.66 (cached + DB)
[INFO] 2025-09-24 10:00:17,950 accounts.tasks - Updated AMZN: 220.71 (cached + DB)
[INFO] 2025-09-24 10:10:12,497 accounts.tasks - Updated TSLA: 425.85 (cached + DB)
[INFO] 2025-09-24 10:10:13,718 accounts.tasks - Updated MSFT: 509.23 (cached + DB)
[INFO] 2025-09-24 10:10:15,665 accounts.tasks - Updated AAPL: 254.43 (cached + DB)
[INFO] 2025-09-24 10:10:17,918 accounts.tasks - Updated GOOGL: 251.66 (cached + DB)
[INFO] 2025-09-24 10:10:18,770 accounts.tasks - Updated AMZN: 220.71 (cached + DB)
[INFO] 2025-09-24 10:20:03,166 accounts.tasks - Updated TSLA: 425.85 (cached + DB)
[INFO] 2025-09-24 10:20:04,903 accounts.tasks - Updated MSFT: 509.23 (cached + DB)
[INFO] 2025-09-24 10:20:05,784 accounts.tasks - Updated AAPL: 254.43 (cached + DB)
[INFO] 2025-09-24 10:20:06,653 accounts.tasks - Updated GOOGL: 251.66 (cached + DB)
[INFO] 2025-09-24 10:20:07,595 accounts.tasks - Updated AMZN: 220.71 (cached + DB)
[ERROR] 2025-09-24 11:00:24,013 accounts.tasks - Error fetching TSLA: Failed to perform, curl: (28) Connection timed out after 1501404 milliseconds. See https://curl.se/libcurl/c/libcurl-errors.html first for more details.
Traceback (most recent call last):
  File "/Users/mac/Documents/firstproject/.venv/lib/python3.11/site-packages/curl_cffi/requests/session.py", line 640, in request
    c.perform()
  File "/Users/mac/Documents/firstproject/.venv/lib/python3.11/site-packages/curl_cffi/curl.py", line 365, in perform
    self._check_error(ret, "perform")
  File "/Users/mac/Documents/firstproject/.venv/lib/python3.11/site-packages/curl_cffi/curl.py", line 187, in _check_error
    raise error
curl_cffi.curl.CurlError: Failed to perform, curl: (28) Connection timed out after 1501404 milliseconds. See https://curl.se/libcurl/c/libcurl-errors.html first for more details.

The above exception was the direct cause of the following exception:

Traceback (most recent call last):
  File "/Users/mac/Documents/maryam attique folder/firstproject/core/accounts/tasks.py", line 108, in fetch_stock_prices
    stock_data = yf.Ticker(ticker).info
                 ^^^^^^^^^^^^^^^^^^^^^^
  File "/Users/mac/Documents/firstproject/.venv/lib/python3.11/site-packages/yfinance/ticker.py", line 163, in info
    return self.get_info()
           ^^^^^^^^^^^^^^^
  File "/Users/mac/Documents/firstproject/.venv/lib/python3.11/site-packages/yfinance/base.py", line 329, in get_info
    data = self._quote.info
           ^^^^^^^^^^^^^^^^
  File "/Users/mac/Documents/firstproject/.venv/lib/python3.11/site-packages/yfinance/scrapers/quote.py", line 511, in info
    self._fetch_info()
  File "/Users/mac/Documents/firstproject/.venv/lib/python3.11/site-packages/yfinance/scrapers/quote.py", line 610, in _fetch_info
    result = self._fetch(modules=modules)
             ^^^^^^^^^^^^^^^^^^^^^^^^^^^^
  File "/Users/mac/Documents/firstproject/.venv/lib/python3.11/site-packages/yfinance/scrapers/quote.py", line 590, in _fetch
    result = self._data.get_raw_json(_QUOTE_SUMMARY_URL_ + f"/{self._symbol}", params=params_dict)
             ^^^^^^^^^^^^^^^^^^^^^^^^^^^^^^^^^^^^^^^^^^^^^^^^^^^^^^^^^^^^^^^^^^^^^^^^^^^^^^^^^^^^^
  File "/Users/mac/Documents/firstproject/.venv/lib/python3.11/site-packages/yfinance/data.py", line 443, in get_raw_json
    response = self.get(url, params=params, timeout=timeout)
               ^^^^^^^^^^^^^^^^^^^^^^^^^^^^^^^^^^^^^^^^^^^^^
  File "/Users/mac/Documents/firstproject/.venv/lib/python3.11/site-packages/yfinance/utils.py", line 92, in wrapper
    result = func(*args, **kwargs)
             ^^^^^^^^^^^^^^^^^^^^^
  File "/Users/mac/Documents/firstproject/.venv/lib/python3.11/site-packages/yfinance/data.py", line 371, in get
    response = self._make_request(url, request_method = self._session.get, params=params, timeout=timeout)
               ^^^^^^^^^^^^^^^^^^^^^^^^^^^^^^^^^^^^^^^^^^^^^^^^^^^^^^^^^^^^^^^^^^^^^^^^^^^^^^^^^^^^^^^^^^^
  File "/Users/mac/Documents/firstproject/.venv/lib/python3.11/site-packages/yfinance/utils.py", line 92, in wrapper
    result = func(*args, **kwargs)
             ^^^^^^^^^^^^^^^^^^^^^
  File "/Users/mac/Documents/firstproject/.venv/lib/python3.11/site-packages/yfinance/data.py", line 417, in _make_request
    response = request_method(**request_args)
               ^^^^^^^^^^^^^^^^^^^^^^^^^^^^^^
  File "/Users/mac/Documents/firstproject/.venv/lib/python3.11/site-packages/curl_cffi/requests/session.py", line 661, in get
    return self.request(method="GET", url=url, **kwargs)
           ^^^^^^^^^^^^^^^^^^^^^^^^^^^^^^^^^^^^^^^^^^^^^
  File "/Users/mac/Documents/firstproject/.venv/lib/python3.11/site-packages/curl_cffi/requests/session.py", line 647, in request
    raise error(str(e), e.code, rsp) from e
curl_cffi.requests.exceptions.Timeout: Failed to perform, curl: (28) Connection timed out after 1501404 milliseconds. See https://curl.se/libcurl/c/libcurl-errors.html first for more details.
[INFO] 2025-09-24 11:00:34,777 accounts.tasks - Updated MSFT: 509.23 (cached + DB)
[INFO] 2025-09-24 11:00:36,332 accounts.tasks - Updated AAPL: 254.43 (cached + DB)
[INFO] 2025-09-24 11:00:37,276 accounts.tasks - Updated GOOGL: 251.66 (cached + DB)
[INFO] 2025-09-24 11:00:38,417 accounts.tasks - Updated AMZN: 220.71 (cached + DB)
[INFO] 2025-09-24 11:00:51,885 accounts.tasks - Updated TSLA: 425.85 (cached + DB)
[INFO] 2025-09-24 11:00:52,648 accounts.tasks - Updated MSFT: 509.23 (cached + DB)
[INFO] 2025-09-24 11:00:53,335 accounts.tasks - Updated AAPL: 254.43 (cached + DB)
[INFO] 2025-09-24 11:00:53,996 accounts.tasks - Updated GOOGL: 251.66 (cached + DB)
[INFO] 2025-09-24 11:00:54,959 accounts.tasks - Updated AMZN: 220.71 (cached + DB)
[INFO] 2025-09-24 11:10:11,145 accounts.tasks - Updated TSLA: 425.85 (cached + DB)
[INFO] 2025-09-24 11:10:12,057 accounts.tasks - Updated MSFT: 509.23 (cached + DB)
[INFO] 2025-09-24 11:10:12,772 accounts.tasks - Updated AAPL: 254.43 (cached + DB)
[INFO] 2025-09-24 11:10:13,491 accounts.tasks - Updated GOOGL: 251.66 (cached + DB)
[INFO] 2025-09-24 11:10:14,254 accounts.tasks - Updated AMZN: 220.71 (cached + DB)
[INFO] 2025-09-24 11:20:02,835 accounts.tasks - Updated TSLA: 425.85 (cached + DB)
[INFO] 2025-09-24 11:20:03,564 accounts.tasks - Updated MSFT: 509.23 (cached + DB)
[INFO] 2025-09-24 11:20:04,227 accounts.tasks - Updated AAPL: 254.43 (cached + DB)
[INFO] 2025-09-24 11:20:05,225 accounts.tasks - Updated GOOGL: 251.66 (cached + DB)
[INFO] 2025-09-24 11:20:05,920 accounts.tasks - Updated AMZN: 220.71 (cached + DB)
[INFO] 2025-09-24 11:30:05,645 accounts.tasks - Updated TSLA: 425.85 (cached + DB)
[INFO] 2025-09-24 11:30:06,386 accounts.tasks - Updated MSFT: 509.23 (cached + DB)
[INFO] 2025-09-24 11:30:07,268 accounts.tasks - Updated AAPL: 254.43 (cached + DB)
[INFO] 2025-09-24 11:30:08,407 accounts.tasks - Updated GOOGL: 251.66 (cached + DB)
[INFO] 2025-09-24 11:30:09,370 accounts.tasks - Updated AMZN: 220.71 (cached + DB)
[INFO] 2025-09-24 11:40:02,279 accounts.tasks - Updated TSLA: 425.85 (cached + DB)
[INFO] 2025-09-24 11:40:03,150 accounts.tasks - Updated MSFT: 509.23 (cached + DB)
[INFO] 2025-09-24 11:40:03,856 accounts.tasks - Updated AAPL: 254.43 (cached + DB)
[INFO] 2025-09-24 11:40:04,574 accounts.tasks - Updated GOOGL: 251.66 (cached + DB)
[INFO] 2025-09-24 11:40:05,324 accounts.tasks - Updated AMZN: 220.71 (cached + DB)
[ERROR] 2025-09-24 11:50:30,077 accounts.tasks - Error fetching TSLA: Failed to perform, curl: (28) Connection timed out after 30002 milliseconds. See https://curl.se/libcurl/c/libcurl-errors.html first for more details.
Traceback (most recent call last):
  File "/Users/mac/Documents/firstproject/.venv/lib/python3.11/site-packages/curl_cffi/requests/session.py", line 640, in request
    c.perform()
  File "/Users/mac/Documents/firstproject/.venv/lib/python3.11/site-packages/curl_cffi/curl.py", line 365, in perform
    self._check_error(ret, "perform")
  File "/Users/mac/Documents/firstproject/.venv/lib/python3.11/site-packages/curl_cffi/curl.py", line 187, in _check_error
    raise error
curl_cffi.curl.CurlError: Failed to perform, curl: (28) Connection timed out after 30002 milliseconds. See https://curl.se/libcurl/c/libcurl-errors.html first for more details.

The above exception was the direct cause of the following exception:

Traceback (most recent call last):
  File "/Users/mac/Documents/maryam attique folder/firstproject/core/accounts/tasks.py", line 108, in fetch_stock_prices
    stock_data = yf.Ticker(ticker).info
                 ^^^^^^^^^^^^^^^^^^^^^^
  File "/Users/mac/Documents/firstproject/.venv/lib/python3.11/site-packages/yfinance/ticker.py", line 163, in info
    return self.get_info()
           ^^^^^^^^^^^^^^^
  File "/Users/mac/Documents/firstproject/.venv/lib/python3.11/site-packages/yfinance/base.py", line 329, in get_info
    data = self._quote.info
           ^^^^^^^^^^^^^^^^
  File "/Users/mac/Documents/firstproject/.venv/lib/python3.11/site-packages/yfinance/scrapers/quote.py", line 511, in info
    self._fetch_info()
  File "/Users/mac/Documents/firstproject/.venv/lib/python3.11/site-packages/yfinance/scrapers/quote.py", line 610, in _fetch_info
    result = self._fetch(modules=modules)
             ^^^^^^^^^^^^^^^^^^^^^^^^^^^^
  File "/Users/mac/Documents/firstproject/.venv/lib/python3.11/site-packages/yfinance/scrapers/quote.py", line 590, in _fetch
    result = self._data.get_raw_json(_QUOTE_SUMMARY_URL_ + f"/{self._symbol}", params=params_dict)
             ^^^^^^^^^^^^^^^^^^^^^^^^^^^^^^^^^^^^^^^^^^^^^^^^^^^^^^^^^^^^^^^^^^^^^^^^^^^^^^^^^^^^^
  File "/Users/mac/Documents/firstproject/.venv/lib/python3.11/site-packages/yfinance/data.py", line 443, in get_raw_json
    response = self.get(url, params=params, timeout=timeout)
               ^^^^^^^^^^^^^^^^^^^^^^^^^^^^^^^^^^^^^^^^^^^^^
  File "/Users/mac/Documents/firstproject/.venv/lib/python3.11/site-packages/yfinance/utils.py", line 92, in wrapper
    result = func(*args, **kwargs)
             ^^^^^^^^^^^^^^^^^^^^^
  File "/Users/mac/Documents/firstproject/.venv/lib/python3.11/site-packages/yfinance/data.py", line 371, in get
    response = self._make_request(url, request_method = self._session.get, params=params, timeout=timeout)
               ^^^^^^^^^^^^^^^^^^^^^^^^^^^^^^^^^^^^^^^^^^^^^^^^^^^^^^^^^^^^^^^^^^^^^^^^^^^^^^^^^^^^^^^^^^^
  File "/Users/mac/Documents/firstproject/.venv/lib/python3.11/site-packages/yfinance/utils.py", line 92, in wrapper
    result = func(*args, **kwargs)
             ^^^^^^^^^^^^^^^^^^^^^
  File "/Users/mac/Documents/firstproject/.venv/lib/python3.11/site-packages/yfinance/data.py", line 417, in _make_request
    response = request_method(**request_args)
               ^^^^^^^^^^^^^^^^^^^^^^^^^^^^^^
  File "/Users/mac/Documents/firstproject/.venv/lib/python3.11/site-packages/curl_cffi/requests/session.py", line 661, in get
    return self.request(method="GET", url=url, **kwargs)
           ^^^^^^^^^^^^^^^^^^^^^^^^^^^^^^^^^^^^^^^^^^^^^
  File "/Users/mac/Documents/firstproject/.venv/lib/python3.11/site-packages/curl_cffi/requests/session.py", line 647, in request
    raise error(str(e), e.code, rsp) from e
curl_cffi.requests.exceptions.Timeout: Failed to perform, curl: (28) Connection timed out after 30002 milliseconds. See https://curl.se/libcurl/c/libcurl-errors.html first for more details.
[ERROR] 2025-09-24 11:51:00,098 accounts.tasks - Error fetching MSFT: Failed to perform, curl: (28) Connection timed out after 30002 milliseconds. See https://curl.se/libcurl/c/libcurl-errors.html first for more details.
Traceback (most recent call last):
  File "/Users/mac/Documents/firstproject/.venv/lib/python3.11/site-packages/curl_cffi/requests/session.py", line 640, in request
    c.perform()
  File "/Users/mac/Documents/firstproject/.venv/lib/python3.11/site-packages/curl_cffi/curl.py", line 365, in perform
    self._check_error(ret, "perform")
  File "/Users/mac/Documents/firstproject/.venv/lib/python3.11/site-packages/curl_cffi/curl.py", line 187, in _check_error
    raise error
curl_cffi.curl.CurlError: Failed to perform, curl: (28) Connection timed out after 30002 milliseconds. See https://curl.se/libcurl/c/libcurl-errors.html first for more details.

The above exception was the direct cause of the following exception:

Traceback (most recent call last):
  File "/Users/mac/Documents/maryam attique folder/firstproject/core/accounts/tasks.py", line 108, in fetch_stock_prices
    stock_data = yf.Ticker(ticker).info
                 ^^^^^^^^^^^^^^^^^^^^^^
  File "/Users/mac/Documents/firstproject/.venv/lib/python3.11/site-packages/yfinance/ticker.py", line 163, in info
    return self.get_info()
           ^^^^^^^^^^^^^^^
  File "/Users/mac/Documents/firstproject/.venv/lib/python3.11/site-packages/yfinance/base.py", line 329, in get_info
    data = self._quote.info
           ^^^^^^^^^^^^^^^^
  File "/Users/mac/Documents/firstproject/.venv/lib/python3.11/site-packages/yfinance/scrapers/quote.py", line 511, in info
    self._fetch_info()
  File "/Users/mac/Documents/firstproject/.venv/lib/python3.11/site-packages/yfinance/scrapers/quote.py", line 610, in _fetch_info
    result = self._fetch(modules=modules)
             ^^^^^^^^^^^^^^^^^^^^^^^^^^^^
  File "/Users/mac/Documents/firstproject/.venv/lib/python3.11/site-packages/yfinance/scrapers/quote.py", line 590, in _fetch
    result = self._data.get_raw_json(_QUOTE_SUMMARY_URL_ + f"/{self._symbol}", params=params_dict)
             ^^^^^^^^^^^^^^^^^^^^^^^^^^^^^^^^^^^^^^^^^^^^^^^^^^^^^^^^^^^^^^^^^^^^^^^^^^^^^^^^^^^^^
  File "/Users/mac/Documents/firstproject/.venv/lib/python3.11/site-packages/yfinance/data.py", line 443, in get_raw_json
    response = self.get(url, params=params, timeout=timeout)
               ^^^^^^^^^^^^^^^^^^^^^^^^^^^^^^^^^^^^^^^^^^^^^
  File "/Users/mac/Documents/firstproject/.venv/lib/python3.11/site-packages/yfinance/utils.py", line 92, in wrapper
    result = func(*args, **kwargs)
             ^^^^^^^^^^^^^^^^^^^^^
  File "/Users/mac/Documents/firstproject/.venv/lib/python3.11/site-packages/yfinance/data.py", line 371, in get
    response = self._make_request(url, request_method = self._session.get, params=params, timeout=timeout)
               ^^^^^^^^^^^^^^^^^^^^^^^^^^^^^^^^^^^^^^^^^^^^^^^^^^^^^^^^^^^^^^^^^^^^^^^^^^^^^^^^^^^^^^^^^^^
  File "/Users/mac/Documents/firstproject/.venv/lib/python3.11/site-packages/yfinance/utils.py", line 92, in wrapper
    result = func(*args, **kwargs)
             ^^^^^^^^^^^^^^^^^^^^^
  File "/Users/mac/Documents/firstproject/.venv/lib/python3.11/site-packages/yfinance/data.py", line 417, in _make_request
    response = request_method(**request_args)
               ^^^^^^^^^^^^^^^^^^^^^^^^^^^^^^
  File "/Users/mac/Documents/firstproject/.venv/lib/python3.11/site-packages/curl_cffi/requests/session.py", line 661, in get
    return self.request(method="GET", url=url, **kwargs)
           ^^^^^^^^^^^^^^^^^^^^^^^^^^^^^^^^^^^^^^^^^^^^^
  File "/Users/mac/Documents/firstproject/.venv/lib/python3.11/site-packages/curl_cffi/requests/session.py", line 647, in request
    raise error(str(e), e.code, rsp) from e
curl_cffi.requests.exceptions.Timeout: Failed to perform, curl: (28) Connection timed out after 30002 milliseconds. See https://curl.se/libcurl/c/libcurl-errors.html first for more details.
[INFO] 2025-09-24 11:51:25,356 accounts.tasks - Updated AAPL: 254.43 (cached + DB)
[INFO] 2025-09-24 11:51:26,170 accounts.tasks - Updated GOOGL: 251.66 (cached + DB)
[INFO] 2025-09-24 11:51:26,890 accounts.tasks - Updated AMZN: 220.71 (cached + DB)
[INFO] 2025-09-24 12:00:13,468 accounts.tasks - Updated TSLA: 425.85 (cached + DB)
[INFO] 2025-09-24 12:00:14,161 accounts.tasks - Updated MSFT: 509.23 (cached + DB)
[INFO] 2025-09-24 12:00:14,881 accounts.tasks - Updated AAPL: 254.43 (cached + DB)
[INFO] 2025-09-24 12:00:15,637 accounts.tasks - Updated GOOGL: 251.66 (cached + DB)
[INFO] 2025-09-24 12:00:16,338 accounts.tasks - Updated AMZN: 220.71 (cached + DB)
[ERROR] 2025-09-24 12:10:35,291 accounts.tasks - Error fetching TSLA: Failed to perform, curl: (28) Connection timed out after 30001 milliseconds. See https://curl.se/libcurl/c/libcurl-errors.html first for more details.
Traceback (most recent call last):
  File "/Users/mac/Documents/firstproject/.venv/lib/python3.11/site-packages/curl_cffi/requests/session.py", line 640, in request
    c.perform()
  File "/Users/mac/Documents/firstproject/.venv/lib/python3.11/site-packages/curl_cffi/curl.py", line 365, in perform
    self._check_error(ret, "perform")
  File "/Users/mac/Documents/firstproject/.venv/lib/python3.11/site-packages/curl_cffi/curl.py", line 187, in _check_error
    raise error
curl_cffi.curl.CurlError: Failed to perform, curl: (28) Connection timed out after 30001 milliseconds. See https://curl.se/libcurl/c/libcurl-errors.html first for more details.

The above exception was the direct cause of the following exception:

Traceback (most recent call last):
  File "/Users/mac/Documents/maryam attique folder/firstproject/core/accounts/tasks.py", line 108, in fetch_stock_prices
    stock_data = yf.Ticker(ticker).info
                 ^^^^^^^^^^^^^^^^^^^^^^
  File "/Users/mac/Documents/firstproject/.venv/lib/python3.11/site-packages/yfinance/ticker.py", line 163, in info
    return self.get_info()
           ^^^^^^^^^^^^^^^
  File "/Users/mac/Documents/firstproject/.venv/lib/python3.11/site-packages/yfinance/base.py", line 329, in get_info
    data = self._quote.info
           ^^^^^^^^^^^^^^^^
  File "/Users/mac/Documents/firstproject/.venv/lib/python3.11/site-packages/yfinance/scrapers/quote.py", line 511, in info
    self._fetch_info()
  File "/Users/mac/Documents/firstproject/.venv/lib/python3.11/site-packages/yfinance/scrapers/quote.py", line 611, in _fetch_info
    additional_info = self._fetch_additional_info()
                      ^^^^^^^^^^^^^^^^^^^^^^^^^^^^^
  File "/Users/mac/Documents/firstproject/.venv/lib/python3.11/site-packages/yfinance/scrapers/quote.py", line 599, in _fetch_additional_info
    result = self._data.get_raw_json(f"{_QUERY1_URL_}/v7/finance/quote?", params=params_dict)
             ^^^^^^^^^^^^^^^^^^^^^^^^^^^^^^^^^^^^^^^^^^^^^^^^^^^^^^^^^^^^^^^^^^^^^^^^^^^^^^^^
  File "/Users/mac/Documents/firstproject/.venv/lib/python3.11/site-packages/yfinance/data.py", line 443, in get_raw_json
    response = self.get(url, params=params, timeout=timeout)
               ^^^^^^^^^^^^^^^^^^^^^^^^^^^^^^^^^^^^^^^^^^^^^
  File "/Users/mac/Documents/firstproject/.venv/lib/python3.11/site-packages/yfinance/utils.py", line 92, in wrapper
    result = func(*args, **kwargs)
             ^^^^^^^^^^^^^^^^^^^^^
  File "/Users/mac/Documents/firstproject/.venv/lib/python3.11/site-packages/yfinance/data.py", line 371, in get
    response = self._make_request(url, request_method = self._session.get, params=params, timeout=timeout)
               ^^^^^^^^^^^^^^^^^^^^^^^^^^^^^^^^^^^^^^^^^^^^^^^^^^^^^^^^^^^^^^^^^^^^^^^^^^^^^^^^^^^^^^^^^^^
  File "/Users/mac/Documents/firstproject/.venv/lib/python3.11/site-packages/yfinance/utils.py", line 92, in wrapper
    result = func(*args, **kwargs)
             ^^^^^^^^^^^^^^^^^^^^^
  File "/Users/mac/Documents/firstproject/.venv/lib/python3.11/site-packages/yfinance/data.py", line 417, in _make_request
    response = request_method(**request_args)
               ^^^^^^^^^^^^^^^^^^^^^^^^^^^^^^
  File "/Users/mac/Documents/firstproject/.venv/lib/python3.11/site-packages/curl_cffi/requests/session.py", line 661, in get
    return self.request(method="GET", url=url, **kwargs)
           ^^^^^^^^^^^^^^^^^^^^^^^^^^^^^^^^^^^^^^^^^^^^^
  File "/Users/mac/Documents/firstproject/.venv/lib/python3.11/site-packages/curl_cffi/requests/session.py", line 647, in request
    raise error(str(e), e.code, rsp) from e
curl_cffi.requests.exceptions.Timeout: Failed to perform, curl: (28) Connection timed out after 30001 milliseconds. See https://curl.se/libcurl/c/libcurl-errors.html first for more details.
[INFO] 2025-09-24 12:10:47,830 accounts.tasks - Updated MSFT: 509.23 (cached + DB)
[INFO] 2025-09-24 12:10:48,516 accounts.tasks - Updated AAPL: 254.43 (cached + DB)
[INFO] 2025-09-24 12:10:49,222 accounts.tasks - Updated GOOGL: 251.66 (cached + DB)
[INFO] 2025-09-24 12:10:50,477 accounts.tasks - Updated AMZN: 220.71 (cached + DB)
